<html>
<body>
<pre>
<h1>µVision Build Log</h1>
<h2>Project:</h2>
E:\Lab 1 Base Project with CMSIS-DSP\Lab 1 Base Project\Lab 1 Base Project.uvprojx
Project File Date:  01/29/2015

<h2>Output:</h2>
Build target 'Target 1'
compiling main.c...
source\main.c(33): warning:  #223-D: function "malloc" declared implicitly
        kalman_state *kstate = (kalman_state*) malloc(sizeof(kalman_state));
source\main.c: 1 warning, 0 errors
linking...
Program Size: Code=624 RO-data=424 RW-data=48 ZI-data=1536  
".\object\Lab 1 Base Project.axf" - 0 Error(s), 1 Warning(s).

<h2>Software Packages used:</h2>

Package Vendor: ARM
                http://www.keil.com/pack/ARM.CMSIS.4.1.1.pack
                ARM::CMSIS:CORE:3.30.0
                CMSIS (Cortex Microcontroller Software Interface Standard)
   * Component: CORE Version: 3.30.0
   * Component: DSP Version: 1.4.2

Package Vendor: Keil
                http://www.keil.com/pack/Keil.STM32F4xx_DFP.1.0.8.pack
                Keil::Device:Startup:1.3.1
                STMicroelectronics STM32F4 Series Device Support, Drivers and Examples
   * Component: Startup Version: 1.3.1

<h2>Collection of Component include folders:</h2>
  E:\Lab 1 Base Project with CMSIS-DSP\Lab 1 Base Project\RTE
  E:\Lab 1 Base Project with CMSIS-DSP\Lab 1 Base Project\RTE\Device\STM32F407VG
  C:\Keil_v5\ARM\PACK\ARM\CMSIS\4.1.1\CMSIS\Include
  C:\Keil_v5\ARM\PACK\Keil\STM32F4xx_DFP\1.0.8\Device\Include

<h2>Collection of Component Files used:</h2>

   * Component: ARM::CMSIS:CORE:3.30.0
      Source file:   CMSIS\UserCodeTemplates\ARM\ITM_Retarget.c

   * Component: ARM::CMSIS:DSP:1.4.2
      Include file:  CMSIS\Include\arm_math.h
      Library file:  CMSIS\Lib\ARM\arm_cortexM4lf_math.lib

   * Component: Keil::Device:Startup:1.3.1
      Source file:   Device\Source\ARM\STM32F40xxx_41xxx_OPT.s
      Source file:   Device\Source\ARM\STM32F4xx_OTP.s
      Include file:  Device\Include\stm32f4xx.h
      Source file:   Device\Source\ARM\startup_stm32f40_41xxx.s
      Source file:   Device\Source\system_stm32f4xx.c
      Include file:  RTE_Driver\Config\RTE_Device.h
   Source file:   Device\Source\system_stm32f4xx.c
      Include file:  RTE_Driver\Config\RTE_Device.h
 (InputArray[i]-kstate->x);
source\main.c(24): error:  #132: expression must have pointer-to-struct-or-union type
                kstate->x = kstate->x + kstate->k * (InputArray[i]-kstate->x);
source\main.c(25): error:  #132: expression must have pointer-to-struct-or-union type
                kstate->p = (1-kstate->k) * kstate->p;
source\main.c(25): error:  #132: expression must have pointer-to-struct-or-union type
                kstate->p = (1-kstate->k) * kstate->p;
source\main.c(25): error:  #132: expression must have pointer-to-struct-or-union type
                kstate->p = (1-kstate->k) * kstate->p;
source\main.c(26): error:  #132: expression must have pointer-to-struct-or-union type
                OutputArray[i] = kstate->x;
source\main.c(33): error:  #20: identifier "kalman_state" is undefined
        kalman_state *kstate = (kalman_state*) malloc(sizeof(kalman_state));
source\main.c(33): error:  #20: identifier "kstate" is undefined
        kalman_state *kstate = (kalman_state*) malloc(sizeof(kalman_state));
source\main.c(33): error:  #29: expected an expression
        kalman_state *kstate = (kalman_state*) malloc(sizeof(kalman_state));
source\main.c(33): error:  #65: expected a ";"
        kalman_state *kstate = (kalman_state*) malloc(sizeof(kalman_state));
source\main.c: 1 warning, 22 errors
".\object\Lab 1 Base Project.axf" - 22 Error(s), 1 Warning(s).

<h2>Software Packages used:</h2>

Package Vendor: ARM
                http://www.keil.com/pack/ARM.CMSIS.4.1.1.pack
                ARM::CMSIS:CORE:3.30.0
                CMSIS (Cortex Microcontroller Software Interface Standard)
   * Component: CORE Version: 3.30.0
   * Component: DSP Version: 1.4.2

Package Vendor: Keil
                http://www.keil.com/pack/Keil.STM32F4xx_DFP.1.0.8.pack
                Keil::Device:Startup:1.3.1
                STMicroelectronics STM32F4 Series Device Support, Drivers and Examples
   * Component: Startup Version: 1.3.1

<h2>Collection of Component include folders:</h2>
  E:\Lab 1 Base Project with CMSIS-DSP\Lab 1 Base Project\RTE
  E:\Lab 1 Base Project with CMSIS-DSP\Lab 1 Base Project\RTE\Device\STM32F407VG
  C:\Keil_v5\ARM\PACK\ARM\CMSIS\4.1.1\CMSIS\Include
  C:\Keil_v5\ARM\PACK\Keil\STM32F4xx_DFP\1.0.8\Device\Include

<h2>Collection of Component Files used:</h2>

   * Component: ARM::CMSIS:CORE:3.30.0
      Source file:   CMSIS\UserCodeTemplates\ARM\ITM_Retarget.c

   * Component: ARM::CMSIS:DSP:1.4.2
      Include file:  CMSIS\Include\arm_math.h
      Library file:  CMSIS\Lib\ARM\arm_cortexM4lf_math.lib

   * Component: Keil::Device:Startup:1.3.1
      Source file:   Device\Source\ARM\STM32F40xxx_41xxx_OPT.s
      Source file:   Device\Source\ARM\STM32F4xx_OTP.s
      Include file:  Device\Include\stm32f4xx.h
      Source file:   Device\Source\ARM\startup_stm32f40_41xxx.s
      Source file:   Device\Source\system_stm32f4xx.c
      Include file:  RTE_Driver\Config\RTE_Device.h
Target not created
s
      Include file:  Device\Include\stm32f4xx.h
      Source file:   Device\Source\ARM\startup_stm32f40_41xxx.s
      Source file:   Device\Source\system_stm32f4xx.c
      Include file:  RTE_Driver\Config\RTE_Device.h
Target not created
