Product: MDK-ARM Standard 5.10
Component: ARM Compiler 5.04 update 1 (build 49)
Tool: armlink [5040049]

==============================================================================

Section Cross References

    main.o(.text) refers to segment_display.o(.text) for seg_disp_init
    main.o(.text) refers to mems.o(.text) for MEMS_config
    main.o(.text) refers to d2f.o(.text) for __aeabi_d2f
    main.o(.text) refers to f2d.o(.text) for __aeabi_f2d
    main.o(.text) refers to printfa.o(i.__0printf) for __2printf
    main.o(.text) refers to stm32f4xx_exti.o(.text) for EXTI_GetITStatus
    main.o(.text) refers to main.o(.data) for SAMPLE_READY
    segment_display.o(.text) refers to timer.o(.text) for timer_init
    segment_display.o(.text) refers to stm32f4xx_rcc.o(.text) for RCC_AHB1PeriphClockCmd
    segment_display.o(.text) refers to stm32f4xx_gpio.o(.text) for GPIO_Init
    segment_display.o(.text) refers to dflti.o(.text) for __aeabi_i2d
    segment_display.o(.text) refers to pow.o(i.__hardfp_pow) for __hardfp_pow
    segment_display.o(.text) refers to f2d.o(.text) for __aeabi_f2d
    segment_display.o(.text) refers to ddiv.o(.text) for __aeabi_ddiv
    segment_display.o(.text) refers to dfixi.o(.text) for __aeabi_d2iz
    segment_display.o(.text) refers to segment_display.o(.data) for ticks
    segment_display.o(.text) refers to keypad.o(.text) for get_key
    segment_display.o(.text) refers to printfa.o(i.__0printf) for __2printf
    segment_display.o(.text) refers to stm32f4xx_tim.o(.text) for TIM_GetITStatus
    keypad.o(.text) refers to stm32f4xx_rcc.o(.text) for RCC_AHB1PeriphClockCmd
    keypad.o(.text) refers to stm32f4xx_gpio.o(.text) for GPIO_Init
    keypad.o(.text) refers to stm32f4xx_tim.o(.text) for TIM_GetCounter
    keypad.o(.text) refers to segment_display.o(.data) for keypad_state
    keypad.o(.text) refers to keypad.o(.data) for column
    mems.o(.text) refers to lis3dsh.o(.text) for LIS3DSH_Init
    mems.o(.text) refers to stm32f4xx_rcc.o(.text) for RCC_AHB1PeriphClockCmd
    mems.o(.text) refers to stm32f4xx_gpio.o(.text) for GPIO_Init
    mems.o(.text) refers to stm32f4xx_syscfg.o(.text) for SYSCFG_EXTILineConfig
    mems.o(.text) refers to stm32f4xx_exti.o(.text) for EXTI_Init
    mems.o(.text) refers to misc.o(.text) for NVIC_Init
    mems.o(.text) refers to f2d.o(.text) for __aeabi_f2d
    mems.o(.text) refers to dmul.o(.text) for __aeabi_dmul
    mems.o(.text) refers to dadd.o(.text) for __aeabi_dsub
    mems.o(.text) refers to d2f.o(.text) for __aeabi_d2f
    mems.o(.text) refers to kalmanfilter.o(.text) for Kalmanfilter_C
    mems.o(.text) refers to atan2.o(i.__hardfp_atan2) for __hardfp_atan2
    mems.o(.text) refers to mems.o(.data) for x_data
    timer.o(.text) refers to stm32f4xx_rcc.o(.text) for RCC_APB1PeriphClockCmd
    timer.o(.text) refers to stm32f4xx_tim.o(.text) for TIM_TimeBaseInit
    timer.o(.text) refers to misc.o(.text) for NVIC_Init
    lis3dsh.o(.text) refers to stm32f4xx_spi.o(.text) for SPI_I2S_GetFlagStatus
    lis3dsh.o(.text) refers to stm32f4xx_gpio.o(.text) for GPIO_ResetBits
    lis3dsh.o(.text) refers to stm32f4xx_rcc.o(.text) for RCC_APB2PeriphClockCmd
    lis3dsh.o(.text) refers to f2d.o(.text) for __aeabi_f2d
    lis3dsh.o(.text) refers to dmul.o(.text) for __aeabi_dmul
    lis3dsh.o(.text) refers to d2f.o(.text) for __aeabi_d2f
    lis3dsh.o(.text) refers to lis3dsh.o(.data) for LIS3DSHTimeout
    lis302dl.o(.text) refers to stm32f4xx_spi.o(.text) for SPI_I2S_GetFlagStatus
    lis302dl.o(.text) refers to stm32f4xx_gpio.o(.text) for GPIO_ResetBits
    lis302dl.o(.text) refers to stm32f4xx_rcc.o(.text) for RCC_APB2PeriphClockCmd
    lis302dl.o(.text) refers to lis302dl.o(.data) for LIS302DLTimeout
    stm32f4xx_adc.o(.text) refers to stm32f4xx_rcc.o(.text) for RCC_APB2PeriphResetCmd
    stm32f4xx_can.o(.text) refers to stm32f4xx_rcc.o(.text) for RCC_APB1PeriphResetCmd
    stm32f4xx_cryp.o(.text) refers to stm32f4xx_rcc.o(.text) for RCC_AHB2PeriphResetCmd
    stm32f4xx_cryp_aes.o(.text) refers to stm32f4xx_cryp.o(.text) for CRYP_KeyStructInit
    stm32f4xx_cryp_des.o(.text) refers to stm32f4xx_cryp.o(.text) for CRYP_KeyStructInit
    stm32f4xx_cryp_tdes.o(.text) refers to stm32f4xx_cryp.o(.text) for CRYP_KeyStructInit
    stm32f4xx_dac.o(.text) refers to stm32f4xx_rcc.o(.text) for RCC_APB1PeriphResetCmd
    stm32f4xx_gpio.o(.text) refers to stm32f4xx_rcc.o(.text) for RCC_AHB1PeriphResetCmd
    stm32f4xx_hash.o(.text) refers to stm32f4xx_rcc.o(.text) for RCC_AHB2PeriphResetCmd
    stm32f4xx_hash_md5.o(.text) refers to stm32f4xx_hash.o(.text) for HASH_DeInit
    stm32f4xx_hash_sha1.o(.text) refers to stm32f4xx_hash.o(.text) for HASH_DeInit
    stm32f4xx_i2c.o(.text) refers to stm32f4xx_rcc.o(.text) for RCC_APB1PeriphResetCmd
    stm32f4xx_pwr.o(.text) refers to stm32f4xx_rcc.o(.text) for RCC_APB1PeriphResetCmd
    stm32f4xx_rcc.o(.text) refers to stm32f4xx_rcc.o(.data) for APBAHBPrescTable
[...]
    errno.o(i.__set_errno) refers to errno.o(.data) for .data
    depilogue.o(.text) refers to llshl.o(.text) for __aeabi_llsl
    depilogue.o(.text) refers to llushr.o(.text) for __aeabi_llsr
    dfixul.o(.text) refers to llushr.o(.text) for __aeabi_llsr
    dfixul.o(.text) refers to llshl.o(.text) for __aeabi_llsl
    init.o(.text) refers to entry5.o(.ARM.Collect$$$$00000004) for __main_after_scatterload
    dsqrt.o(.text) refers to llushr.o(.text) for __aeabi_llsr
    dsqrt.o(.text) refers to depilogue.o(.text) for _double_round


==============================================================================

Removing Unused input sections from the image.

    Removing main.o(.rev16_text), (4 bytes).
    Removing main.o(.revsh_text), (4 bytes).
    Removing fput_debug.o(.rev16_text), (4 bytes).
    Removing fput_debug.o(.revsh_text), (4 bytes).
    Removing segment_display.o(.rev16_text), (4 bytes).
    Removing segment_display.o(.revsh_text), (4 bytes).
    Removing keypad.o(.rev16_text), (4 bytes).
    Removing keypad.o(.revsh_text), (4 bytes).
    Removing keypad.o(.constdata), (4 bytes).
    Removing mems.o(.rev16_text), (4 bytes).
    Removing mems.o(.revsh_text), (4 bytes).
    Removing mems.o(.constdata), (8 bytes).
    Removing timer.o(.rev16_text), (4 bytes).
    Removing timer.o(.revsh_text), (4 bytes).
    Removing lis3dsh.o(.rev16_text), (4 bytes).
    Removing lis3dsh.o(.revsh_text), (4 bytes).
    Removing lis302dl.o(.rev16_text), (4 bytes).
    Removing lis302dl.o(.revsh_text), (4 bytes).
    Removing lis302dl.o(.text), (960 bytes).
    Removing lis302dl.o(.data), (4 bytes).
    Removing misc.o(.rev16_text), (4 bytes).
    Removing misc.o(.revsh_text), (4 bytes).
    Removing stm32f4xx_adc.o(.rev16_text), (4 bytes).
    Removing stm32f4xx_adc.o(.revsh_text), (4 bytes).
    Removing stm32f4xx_adc.o(.text), (1124 bytes).
    Removing stm32f4xx_can.o(.rev16_text), (4 bytes).
    Removing stm32f4xx_can.o(.revsh_text), (4 bytes).
    Removing stm32f4xx_can.o(.text), (2544 bytes).
    Removing stm32f4xx_crc.o(.rev16_text), (4 bytes).
    Removing stm32f4xx_crc.o(.revsh_text), (4 bytes).
    Removing stm32f4xx_crc.o(.text), (72 bytes).
    Removing stm32f4xx_cryp.o(.rev16_text), (4 bytes).
    Removing stm32f4xx_cryp.o(.revsh_text), (4 bytes).
    Removing stm32f4xx_cryp.o(.text), (856 bytes).
    Removing stm32f4xx_cryp_aes.o(.rev16_text), (4 bytes).
    Removing stm32f4xx_cryp_aes.o(.revsh_text), (4 bytes).
    Removing stm32f4xx_cryp_aes.o(.text), (4586 bytes).
    Removing stm32f4xx_cryp_des.o(.rev16_text), (4 bytes).
    Removing stm32f4xx_cryp_des.o(.revsh_text), (4 bytes).
    Removing stm32f4xx_cryp_des.o(.text), (472 bytes).
    Removing stm32f4xx_cryp_tdes.o(.rev16_text), (4 bytes).
    Removing stm32f4xx_cryp_tdes.o(.revsh_text), (4 bytes).
    Removing stm32f4xx_cryp_tdes.o(.text), (536 bytes).
    Removing stm32f4xx_dac.o(.rev16_text), (4 bytes).
    Removing stm32f4xx_dac.o(.revsh_text), (4 bytes).
    Removing stm32f4xx_dac.o(.text), (528 bytes).
    Removing stm32f4xx_dbgmcu.o(.rev16_text), (4 bytes).
    Removing stm32f4xx_dbgmcu.o(.revsh_text), (4 bytes).
    Removing stm32f4xx_dbgmcu.o(.text), (100 bytes).
    Removing stm32f4xx_dcmi.o(.rev16_text), (4 bytes).
    Removing stm32f4xx_dcmi.o(.revsh_text), (4 bytes).
    Removing stm32f4xx_dcmi.o(.text), (396 bytes).
    Removing stm32f4xx_dma.o(.rev16_text), (4 bytes).
    Removing stm32f4xx_dma.o(.revsh_text), (4 bytes).
    Removing stm32f4xx_dma.o(.text), (936 bytes).
    Removing stm32f4xx_exti.o(.rev16_text), (4 bytes).
    Removing stm32f4xx_exti.o(.revsh_text), (4 bytes).
    Removing stm32f4xx_flash.o(.rev16_text), (4 bytes).
    Removing stm32f4xx_flash.o(.revsh_text), (4 bytes).
    Removing stm32f4xx_flash.o(.text), (1684 bytes).
    Removing stm32f4xx_fsmc.o(.rev16_text), (4 bytes).
    Removing stm32f4xx_fsmc.o(.revsh_text), (4 bytes).
    Removing stm32f4xx_fsmc.o(.text), (1544 bytes).
    Removing stm32f4xx_gpio.o(.rev16_text), (4 bytes).
    Removing stm32f4xx_gpio.o(.revsh_text), (4 bytes).
    Removing stm32f4xx_hash.o(.rev16_text), (4 bytes).
    Removing stm32f4xx_hash.o(.revsh_text), (4 bytes).
    Removing stm32f4xx_hash.o(.text), (552 bytes).
    Removing stm32f4xx_hash_md5.o(.rev16_text), (4 bytes).
    Removing stm32f4xx_hash_md5.o(.revsh_text), (4 bytes).
    Removing stm32f4xx_hash_md5.o(.text), (534 bytes).
    Removing stm32f4xx_hash_sha1.o(.rev16_text), (4 bytes).
    Removing stm32f4xx_hash_sha1.o(.revsh_text), (4 bytes).
    Removing stm32f4xx_hash_sha1.o(.text), (548 bytes).
    Removing stm32f4xx_i2c.o(.rev16_text), (4 bytes).
    Removing stm32f4xx_i2c.o(.revsh_text), (4 bytes).
    Removing stm32f4xx_i2c.o(.text), (1110 bytes).
    Removing stm32f4xx_iwdg.o(.rev16_text), (4 bytes).
    Removing stm32f4xx_iwdg.o(.revsh_text), (4 bytes).
    Removing stm32f4xx_iwdg.o(.text), (64 bytes).
    Removing stm32f4xx_pwr.o(.rev16_text), (4 bytes).
    Removing stm32f4xx_pwr.o(.revsh_text), (4 bytes).
    Removing stm32f4xx_pwr.o(.text), (340 bytes).
    Removing stm32f4xx_rcc.o(.rev16_text), (4 bytes).
    Removing stm32f4xx_rcc.o(.revsh_text), (4 bytes).
    Removing stm32f4xx_rng.o(.rev16_text), (4 bytes).
    Removing stm32f4xx_rng.o(.revsh_text), (4 bytes).
    Removing stm32f4xx_rng.o(.text), (160 bytes).
    Removing stm32f4xx_rtc.o(.rev16_text), (4 bytes).
    Removing stm32f4xx_rtc.o(.revsh_text), (4 bytes).
    Removing stm32f4xx_rtc.o(.text), (3432 bytes).
    Removing stm32f4xx_sdio.o(.rev16_text), (4 bytes).
    Removing stm32f4xx_sdio.o(.revsh_text), (4 bytes).
    Removing stm32f4xx_sdio.o(.text), (476 bytes).
    Removing stm32f4xx_spi.o(.rev16_text), (4 bytes).
    Removing stm32f4xx_spi.o(.revsh_text), (4 bytes).
    Removing stm32f4xx_syscfg.o(.rev16_text), (4 bytes).
    Removing stm32f4xx_syscfg.o(.revsh_text), (4 bytes).
    Removing stm32f4xx_tim.o(.rev16_text), (4 bytes).
    Removing stm32f4xx_tim.o(.revsh_text), (4 bytes).
    Removing stm32f4xx_usart.o(.rev16_text), (4 bytes).
    Removing stm32f4xx_usart.o(.revsh_text), (4 bytes).
    Removing stm32f4xx_usart.o(.text), (1108 bytes).
    Removing stm32f4xx_wwdg.o(.rev16_text), (4 bytes).
    Removing stm32f4xx_wwdg.o(.revsh_text), (4 bytes).
    Removing stm32f4xx_wwdg.o(.text), (144 bytes).
    Removing startup_stm32f40_41xxx.o(HEAP), (512 bytes).
    Removing system_stm32f4xx.o(.rev16_text), (4 bytes).
    Removing system_stm32f4xx.o(.revsh_text), (4 bytes).
    Removing dneg.o(.text), (6 bytes).
    Removing cdcmple.o(.text), (40 bytes).

111 unused section(s) (total 25700 bytes) removed from the image.

==============================================================================

Image Symbol Table

    Local Symbols

    Symbol Name                              Value     Ov Type        Size  Object(Section)

    ../clib/microlib/division.c              0x00000000   Number         0  uidiv.o ABSOLUTE
    ../clib/microlib/division.c              0x00000000   Number         0  uldiv.o ABSOLUTE
    ../clib/microlib/errno.c                 0x00000000   Number         0  errno.o ABSOLUTE
    ../clib/microlib/init/entry.s            0x00000000   Number         0  entry7a.o ABSOLUTE
    ../clib/microlib/init/entry.s            0x00000000   Number         0  entry.o ABSOLUTE
    ../clib/microlib/init/entry.s            0x00000000   Number         0  entry11b.o ABSOLUTE
    ../clib/microlib/init/entry.s            0x00000000   Number         0  entry11a.o ABSOLUTE
    ../clib/microlib/init/entry.s            0x00000000   Number         0  entry10b.o ABSOLUTE
    ../clib/microlib/init/entry.s            0x00000000   Number         0  entry10a.o ABSOLUTE
    ../clib/microlib/init/entry.s            0x00000000   Number         0  entry9b.o ABSOLUTE
    ../clib/microlib/init/entry.s            0x00000000   Number         0  entry9a.o ABSOLUTE
    ../clib/microlib/init/entry.s            0x00000000   Number         0  entry8b.o ABSOLUTE
    ../clib/microlib/init/entry.s            0x00000000   Number         0  entry5.o ABSOLUTE
    ../clib/microlib/init/entry.s            0x00000000   Number         0  entry2.o ABSOLUTE
    ../clib/microlib/init/entry.s            0x00000000   Number         0  entry8a.o ABSOLUTE
    ../clib/microlib/init/entry.s            0x00000000   Number         0  entry7b.o ABSOLUTE
    ../clib/microlib/longlong.c              0x00000000   Number         0  llsshr.o ABSOLUTE
    ../clib/microlib/longlong.c              0x00000000   Number         0  llushr.o ABSOLUTE
    ../clib/microlib/longlong.c              0x00000000   Number         0  llshl.o ABSOLUTE
    ../clib/microlib/printf/printf.c         0x00000000   Number         0  printfb.o ABSOLUTE
    ../clib/microlib/printf/printf.c         0x00000000   Number         0  printf5.o ABSOLUTE
    ../clib/microlib/printf/printf.c         0x00000000   Number         0  printf4.o ABSOLUTE
    ../clib/microlib/printf/printf.c         0x00000000   Number         0  printfa.o ABSOLUTE
    ../clib/microlib/printf/printf.c         0x00000000   Number         0  printf8.o ABSOLUTE
    ../clib/microlib/printf/printf.c         0x00000000   Number         0  printf7.o ABSOLUTE
    ../clib/microlib/printf/printf.c         0x00000000   Number         0  printf6.o ABSOLUTE
    ../clib/microlib/printf/printf.c         0x00000000   Number         0  printf1.o ABSOLUTE
    ../clib/microlib/printf/printf.c         0x00000000   Number         0  printf2.o ABSOLUTE
    ../clib/microlib/printf/printf.c         0x00000000   Number         0  printf0.o ABSOLUTE
    ../clib/microlib/printf/printf.c         0x00000000   Number         0  printf3.o ABSOLUTE
    ../clib/microlib/printf/stubs.s          0x00000000   Number         0  stubs.o ABSOLUTE
    ../clib/microlib/stdio/streams.c         0x00000000   Number         0  stdout.o ABSOLUTE
    ../clib/microlib/stubs.s                 0x00000000   Number         0  iusefp.o ABSOLUTE
    ../fplib/microlib/d2f.c                  0x00000000   Number         0  d2f.o ABSOLUTE
    ../fplib/microlib/f2d.c                  0x00000000   Number         0  f2d.o ABSOLUTE
    ../fplib/microlib/fpadd.c                0x00000000   Number         0  dadd.o ABSOLUTE
    ../fplib/microlib/fpdiv.c                0x00000000   Number         0  ddiv.o ABSOLUTE
    ../fplib/microlib/fpepilogue.c           0x00000000   Number         0  depilogue.o ABSOLUTE
    ../fplib/microlib/fpepilogue.c           0x00000000   Number         0  fepilogue.o ABSOLUTE
    ../fplib/microlib/fpfix.c                0x00000000   Number         0  dfixi.o ABSOLUTE
    ../fplib/microlib/fpfix.c                0x00000000   Number         0  dfixul.o ABSOLUTE
    ../fplib/microlib/fpflt.c                0x00000000   Number         0  dflti.o ABSOLUTE
    ../fplib/microlib/fpmul.c                0x00000000   Number         0  dmul.o ABSOLUTE
    ../fplib/microlib/fpneg.c                0x00000000   Number         0  dneg.o ABSOLUTE
    ../fplib/microlib/fpscalb.c              0x00000000   Number         0  dscalb.o ABSOLUTE
    ../fplib/microlib/fpsqrt.c               0x00000000   Number         0  dsqrt.o ABSOLUTE
    ../mathlib/atan.c                        0x00000000   Number         0  atan_x.o ABSOLUTE
    ../mathlib/atan.c                        0x00000000   Number         0  atan.o ABSOLUTE
    ../mathlib/atan2.c                       0x00000000   Number         0  atan2_x.o ABSOLUTE
    ../mathlib/atan2.c                       0x00000000   Number         0  atan2.o ABSOLUTE
    ../mathlib/dunder.c                      0x00000000   Number         0  dunder.o ABSOLUTE
    ../mathlib/fabs.c                        0x00000000   Number         0  fabs.o ABSOLUTE
    ../mathlib/fpclassify.c                  0x00000000   Number         0  fpclassify.o ABSOLUTE
    ../mathlib/poly.c                        0x00000000   Number         0  poly.o ABSOLUTE
    ../mathlib/pow.c                         0x00000000   Number         0  pow.o ABSOLUTE
    ../mathlib/pow.c                         0x00000000   Number         0  pow_x.o ABSOLUTE
    ../mathlib/qnan.c                        0x00000000   Number         0  qnan.o ABSOLUTE
    ../mathlib/sqrt.c                        0x00000000   Number         0  sqrt_x.o ABSOLUTE
    ../mathlib/sqrt.c                        0x00000000   Number         0  sqrt.o ABSOLUTE
    Accelerometer_Drivers\\src\\lis302dl.c   0x00000000   Number         0  lis302dl.o ABSOLUTE
    Accelerometer_Drivers\\src\\lis3dsh.c    0x00000000   Number         0  lis3dsh.o ABSOLUTE
    Accelerometer_Drivers\src\lis302dl.c     0x00000000   Number         0  lis302dl.o ABSOLUTE
    Accelerometer_Drivers\src\lis3dsh.c      0x00000000   Number         0  lis3dsh.o ABSOLUTE
    C:\Keil_v5\ARM\PACK\Keil\STM32F4xx_DFP\1.0.8\Device\StdPeriph_Driver\src\misc.c 0x00000000   Number         0  misc.o ABSOLUTE
    C:\Keil_v5\ARM\PACK\Keil\STM32F4xx_DFP\1.0.8\Device\StdPeriph_Driver\src\stm32f4xx_adc.c 0x00000000   Number         0  stm32f4xx_adc.o ABSOLUTE
    C:\Keil_v5\ARM\PACK\Keil\STM32F4xx_DFP\1.0.8\Device\StdPeriph_Driver\src\stm32f4xx_can.c 0x00000000   Number         0  stm32f4xx_can.o ABSOLUTE
    C:\Keil_v5\ARM\PACK\Keil\STM32F4xx_DFP\1.0.8\Device\StdPeriph_Driver\src\stm32f4xx_crc.c 0x00000000   Number         0  stm32f4xx_crc.o ABSOLUTE
    C:\Keil_v5\ARM\PACK\Keil\STM32F4xx_DFP\1.0.8\Device\StdPeriph_Driver\src\stm32f4xx_cryp.c 0x00000000   Number         0  stm32f4xx_cryp.o ABSOLUTE
    C:\Keil_v5\ARM\PACK\Keil\STM32F4xx_DFP\1.0.8\Device\StdPeriph_Driver\src\stm32f4xx_cryp_aes.c 0x00000000   Number         0  stm32f4xx_cryp_aes.o ABSOLUTE
    C:\Keil_v5\ARM\PACK\Keil\STM32F4xx_DFP\1.0.8\Device\StdPeriph_Driver\src\stm32f4xx_cryp_des.c 0x00000000   Number         0  stm32f4xx_cryp_des.o ABSOLUTE
    C:\Keil_v5\ARM\PACK\Keil\STM32F4xx_DFP\1.0.8\Device\StdPeriph_Driver\src\stm32f4xx_cryp_tdes.c 0x00000000   Number         0  stm32f4xx_cryp_tdes.o ABSOLUTE
    C:\Keil_v5\ARM\PACK\Keil\STM32F4xx_DFP\1.0.8\Device\StdPeriph_Driver\src\stm32f4xx_dac.c 0x00000000   Number         0  stm32f4xx_dac.o ABSOLUTE
    C:\Keil_v5\ARM\PACK\Keil\STM32F4xx_DFP\1.0.8\Device\StdPeriph_Driver\src\stm32f4xx_dbgmcu.c 0x00000000   Number         0  stm32f4xx_dbgmcu.o ABSOLUTE
    C:\Keil_v5\ARM\PACK\Keil\STM32F4xx_DFP\1.0.8\Device\StdPeriph_Driver\src\stm32f4xx_dcmi.c 0x00000000   Number         0  stm32f4xx_dcmi.o ABSOLUTE
    C:\Keil_v5\ARM\PACK\Keil\STM32F4xx_DFP\1.0.8\Device\StdPeriph_Driver\src\stm32f4xx_dma.c 0x00000000   Number         0  stm32f4xx_dma.o ABSOLUTE
    C:\Keil_v5\ARM\PACK\Keil\STM32F4xx_DFP\1.0.8\Device\StdPeriph_Driver\src\stm32f4xx_exti.c 0x00000000   Number         0  stm32f4xx_exti.o ABSOLUTE
    C:\Keil_v5\ARM\PACK\Keil\STM32F4xx_DFP\1.0.8\Device\StdPeriph_Driver\src\stm32f4xx_flash.c 0x00000000   Number         0  stm32f4xx_flash.o ABSOLUTE
    C:\Keil_v5\ARM\PACK\Keil\STM32F4xx_DFP\1.0.8\Device\StdPeriph_Driver\src\stm32f4xx_fsmc.c 0x00000000   Number         0  stm32f4xx_fsmc.o ABSOLUTE
    C:\Keil_v5\ARM\PACK\Keil\STM32F4xx_DFP\1.0.8\Device\StdPeriph_Driver\src\stm32f4xx_gpio.c 0x00000000   Number         0  stm32f4xx_gpio.o ABSOLUTE
    C:\Keil_v5\ARM\PACK\Keil\STM32F4xx_DFP\1.0.8\Device\StdPeriph_Driver\src\stm32f4xx_hash.c 0x00000000   Number         0  stm32f4xx_hash.o ABSOLUTE
    C:\Keil_v5\ARM\PACK\Keil\STM32F4xx_DFP\1.0.8\Device\StdPeriph_Driver\src\stm32f4xx_hash_md5.c 0x00000000   Number         0  stm32f4xx_hash_md5.o ABSOLUTE
    C:\Keil_v5\ARM\PACK\Keil\STM32F4xx_DFP\1.0.8\Device\StdPeriph_Driver\src\stm32f4xx_hash_sha1.c 0x00000000   Number         0  stm32f4xx_hash_sha1.o ABSOLUTE
    C:\Keil_v5\ARM\PACK\Keil\STM32F4xx_DFP\1.0.8\Device\StdPeriph_Driver\src\stm32f4xx_i2c.c 0x00000000   Number         0  stm32f4xx_i2c.o ABSOLUTE
    C:\Keil_v5\ARM\PACK\Keil\STM32F4xx_DFP\1.0.8\Device\StdPeriph_Driver\src\stm32f4xx_iwdg.c 0x00000000   Number         0  stm32f4xx_iwdg.o ABSOLUTE
    C:\Keil_v5\ARM\PACK\Keil\STM32F4xx_DFP\1.0.8\Device\StdPeriph_Driver\src\stm32f4xx_pwr.c 0x00000000   Number         0  stm32f4xx_pwr.o ABSOLUTE
    C:\Keil_v5\ARM\PACK\Keil\STM32F4xx_DFP\1.0.8\Device\StdPeriph_Driver\src\stm32f4xx_rcc.c 0x00000000   Number         0  stm32f4xx_rcc.o ABSOLUTE
    C:\Keil_v5\ARM\PACK\Keil\STM32F4xx_DFP\1.0.8\Device\StdPeriph_Driver\src\stm32f4xx_rng.c 0x00000000   Number         0  stm32f4xx_rng.o ABSOLUTE
    C:\Keil_v5\ARM\PACK\Keil\STM32F4xx_DFP\1.0.8\Device\StdPeriph_Driver\src\stm32f4xx_rtc.c 0x00000000   Number         0  stm32f4xx_rtc.o ABSOLUTE
    C:\Keil_v5\ARM\PACK\Keil\STM32F4xx_DFP\1.0.8\Device\StdPeriph_Driver\src\stm32f4xx_sdio.c 0x00000000   Number         0  stm32f4xx_sdio.o ABSOLUTE
    C:\Keil_v5\ARM\PACK\Keil\STM32F4xx_DFP\1.0.8\Device\StdPeriph_Driver\src\stm32f4xx_spi.c 0x00000000   Number         0  stm32f4xx_spi.o ABSOLUTE
    C:\Keil_v5\ARM\PACK\Keil\STM32F4xx_DFP\1.0.8\Device\StdPeriph_Driver\src\stm32f4xx_syscfg.c 0x00000000   Number         0  stm32f4xx_syscfg.o ABSOLUTE
    C:\Keil_v5\ARM\PACK\Keil\STM32F4xx_DFP\1.0.8\Device\StdPeriph_Driver\src\stm32f4xx_tim.c 0x00000000   Number         0  stm32f4xx_tim.o ABSOLUTE
    C:\Keil_v5\ARM\PACK\Keil\STM32F4xx_DFP\1.0.8\Device\StdPeriph_Driver\src\stm32f4xx_usart.c 0x00000000   Number         0  stm32f4xx_usart.o ABSOLUTE
    C:\Keil_v5\ARM\PACK\Keil\STM32F4xx_DFP\1.0.8\Device\StdPeriph_Driver\src\stm32f4xx_wwdg.c 0x00000000   Number         0  stm32f4xx_wwdg.o ABSOLUTE
    C:\\Keil_v5\\ARM\\PACK\\Keil\\STM32F4xx_DFP\\1.0.8\\Device\\StdPeriph_Driver\\src\\misc.c 0x00000000   Number         0  misc.o ABSOLUTE
    C:\\Keil_v5\\ARM\\PACK\\Keil\\STM32F4xx_DFP\\1.0.8\\Device\\StdPeriph_Driver\\src\\stm32f4xx_adc.c 0x00000000   Number         0  stm32f4xx_adc.o ABSOLUTE
    C:\\Keil_v5\\ARM\\PACK\\Keil\\STM32F4xx_DFP\\1.0.8\\Device\\StdPeriph_Driver\\src\\stm32f4xx_can.c 0x00000000   Number         0  stm32f4xx_can.o ABSOLUTE
    C:\\Keil_v5\\ARM\\PACK\\Keil\\STM32F4xx_DFP\\1.0.8\\Device\\StdPeriph_Driver\\src\\stm32f4xx_crc.c 0x00000000   Number         0  stm32f4xx_crc.o ABSOLUTE
    C:\\Keil_v5\\ARM\\PACK\\Keil\\STM32F4xx_DFP\\1.0.8\\Device\\StdPeriph_Driver\\src\\stm32f4xx_cryp.c 0x00000000   Number         0  stm32f4xx_cryp.o ABSOLUTE
    C:\\Keil_v5\\ARM\\PACK\\Keil\\STM32F4xx_DFP\\1.0.8\\Device\\StdPeriph_Driver\\src\\stm32f4xx_cryp_aes.c 0x00000000   Number         0  stm32f4xx_cryp_aes.o ABSOLUTE
    C:\\Keil_v5\\ARM\\PACK\\Keil\\STM32F4xx_DFP\\1.0.8\\Device\\StdPeriph_Driver\\src\\stm32f4xx_cryp_des.c 0x00000000   Number         0  stm32f4xx_cryp_des.o ABSOLUTE
    C:\\Keil_v5\\ARM\\PACK\\Keil\\STM32F4xx_DFP\\1.0.8\\Device\\StdPeriph_Driver\\src\\stm32f4xx_cryp_tdes.c 0x00000000   Number         0  stm32f4xx_cryp_tdes.o ABSOLUTE
    C:\\Keil_v5\\ARM\\PACK\\Keil\\STM32F4xx_DFP\\1.0.8\\Device\\StdPeriph_Driver\\src\\stm32f4xx_dac.c 0x00000000   Number         0  stm32f4xx_dac.o ABSOLUTE
    C:\\Keil_v5\\ARM\\PACK\\Keil\\STM32F4xx_DFP\\1.0.8\\Device\\StdPeriph_Driver\\src\\stm32f4xx_dbgmcu.c 0x00000000   Number         0  stm32f4xx_dbgmcu.o ABSOLUTE
    C:\\Keil_v5\\ARM\\PACK\\Keil\\STM32F4xx_DFP\\1.0.8\\Device\\StdPeriph_Driver\\src\\stm32f4xx_dcmi.c 0x00000000   Number         0  stm32f4xx_dcmi.o ABSOLUTE
    C:\\Keil_v5\\ARM\\PACK\\Keil\\STM32F4xx_DFP\\1.0.8\\Device\\StdPeriph_Driver\\src\\stm32f4xx_dma.c 0x00000000   Number         0  stm32f4xx_dma.o ABSOLUTE
    C:\\Keil_v5\\ARM\\PACK\\Keil\\STM32F4xx_DFP\\1.0.8\\Device\\StdPeriph_Driver\\src\\stm32f4xx_exti.c 0x00000000   Number         0  stm32f4xx_exti.o ABSOLUTE
    C:\\Keil_v5\\ARM\\PACK\\Keil\\STM32F4xx_DFP\\1.0.8\\Device\\StdPeriph_Driver\\src\\stm32f4xx_flash.c 0x00000000   Number         0  stm32f4xx_flash.o ABSOLUTE
    C:\\Keil_v5\\ARM\\PACK\\Keil\\STM32F4xx_DFP\\1.0.8\\Device\\StdPeriph_Driver\\src\\stm32f4xx_fsmc.c 0x00000000   Number         0  stm32f4xx_fsmc.o ABSOLUTE
    C:\\Keil_v5\\ARM\\PACK\\Keil\\STM32F4xx_DFP\\1.0.8\\Device\\StdPeriph_Driver\\src\\stm32f4xx_gpio.c 0x00000000   Number         0  stm32f4xx_gpio.o ABSOLUTE
    C:\\Keil_v5\\ARM\\PACK\\Keil\\STM32F4xx_DFP\\1.0.8\\Device\\StdPeriph_Driver\\src\\stm32f4xx_hash.c 0x00000000   Number         0  stm32f4xx_hash.o ABSOLUTE
    C:\\Keil_v5\\ARM\\PACK\\Keil\\STM32F4xx_DFP\\1.0.8\\Device\\StdPeriph_Driver\\src\\stm32f4xx_hash_md5.c 0x00000000   Number         0  stm32f4xx_hash_md5.o ABSOLUTE
    C:\\Keil_v5\\ARM\\PACK\\Keil\\STM32F4xx_DFP\\1.0.8\\Device\\StdPeriph_Driver\\src\\stm32f4xx_hash_sha1.c 0x00000000   Number         0  stm32f4xx_hash_sha1.o ABSOLUTE
    C:\\Keil_v5\\ARM\\PACK\\Keil\\STM32F4xx_DFP\\1.0.8\\Device\\StdPeriph_Driver\\src\\stm32f4xx_i2c.c 0x00000000   Number         0  stm32f4xx_i2c.o ABSOLUTE
    C:\\Keil_v5\\ARM\\PACK\\Keil\\STM32F4xx_DFP\\1.0.8\\Device\\StdPeriph_Driver\\src\\stm32f4xx_iwdg.c 0x00000000   Number         0  stm32f4xx_iwdg.o ABSOLUTE
    C:\\Keil_v5\\ARM\\PACK\\Keil\\STM32F4xx_DFP\\1.0.8\\Device\\StdPeriph_Driver\\src\\stm32f4xx_pwr.c 0x00000000   Number         0  stm32f4xx_pwr.o ABSOLUTE
    C:\\Keil_v5\\ARM\\PACK\\Keil\\STM32F4xx_DFP\\1.0.8\\Device\\StdPeriph_Driver\\src\\stm32f4xx_rcc.c 0x00000000   Number         0  stm32f4xx_rcc.o ABSOLUTE
    C:\\Keil_v5\\ARM\\PACK\\Keil\\STM32F4xx_DFP\\1.0.8\\Device\\StdPeriph_Driver\\src\\stm32f4xx_rng.c 0x00000000   Number         0  stm32f4xx_rng.o ABSOLUTE
    C:\\Keil_v5\\ARM\\PACK\\Keil\\STM32F4xx_DFP\\1.0.8\\Device\\StdPeriph_Driver\\src\\stm32f4xx_rtc.c 0x00000000   Number         0  stm32f4xx_rtc.o ABSOLUTE
    C:\\Keil_v5\\ARM\\PACK\\Keil\\STM32F4xx_DFP\\1.0.8\\Device\\StdPeriph_Driver\\src\\stm32f4xx_sdio.c 0x00000000   Number         0  stm32f4xx_sdio.o ABSOLUTE
    C:\\Keil_v5\\ARM\\PACK\\Keil\\STM32F4xx_DFP\\1.0.8\\Device\\StdPeriph_Driver\\src\\stm32f4xx_spi.c 0x00000000   Number         0  stm32f4xx_spi.o ABSOLUTE
    C:\\Keil_v5\\ARM\\PACK\\Keil\\STM32F4xx_DFP\\1.0.8\\Device\\StdPeriph_Driver\\src\\stm32f4xx_syscfg.c 0x00000000   Number         0  stm32f4xx_syscfg.o ABSOLUTE
    C:\\Keil_v5\\ARM\\PACK\\Keil\\STM32F4xx_DFP\\1.0.8\\Device\\StdPeriph_Driver\\src\\stm32f4xx_tim.c 0x00000000   Number         0  stm32f4xx_tim.o ABSOLUTE
    C:\\Keil_v5\\ARM\\PACK\\Keil\\STM32F4xx_DFP\\1.0.8\\Device\\StdPeriph_Driver\\src\\stm32f4xx_usart.c 0x00000000   Number         0  stm32f4xx_usart.o ABSOLUTE
    C:\\Keil_v5\\ARM\\PACK\\Keil\\STM32F4xx_DFP\\1.0.8\\Device\\StdPeriph_Driver\\src\\stm32f4xx_wwdg.c 0x00000000   Number         0  stm32f4xx_wwdg.o ABSOLUTE
    RTE\Device\STM32F407VG\startup_stm32f40_41xxx.s 0x00000000   Number         0  startup_stm32f40_41xxx.o ABSOLUTE
    RTE\Device\STM32F407VG\system_stm32f4xx.c 0x00000000   Number         0  system_stm32f4xx.o ABSOLUTE
    RTE\\Device\\STM32F407VG\\system_stm32f4xx.c 0x00000000   Number         0  system_stm32f4xx.o ABSOLUTE
    cdcmple.s                                0x00000000   Number         0  cdcmple.o ABSOLUTE
    cdrcmple.s                               0x00000000   Number         0  cdrcmple.o ABSOLUTE
    dc.s                                     0x00000000   Number         0  dc.o ABSOLUTE
    handlers.s                               0x00000000   Number         0  handlers.o ABSOLUTE
    init.s                                   0x00000000   Number         0  init.o ABSOLUTE
    src\KalmanFilter.c                       0x00000000   Number         0  kalmanfilter.o ABSOLUTE
    src\MEMS.c                               0x00000000   Number         0  mems.o ABSOLUTE
    src\\MEMS.c                              0x00000000   Number         0  mems.o ABSOLUTE
    src\\fput_debug.c                        0x00000000   Number         0  fput_debug.o ABSOLUTE
    src\\keypad.c                            0x00000000   Number         0  keypad.o ABSOLUTE
    src\\main.c                              0x00000000   Number         0  main.o ABSOLUTE
    src\\segment_display.c                   0x00000000   Number         0  segment_display.o ABSOLUTE
    src\\timer.c                             0x00000000   Number         0  timer.o ABSOLUTE
    src\fput_debug.c                         0x00000000   Number         0  fput_debug.o ABSOLUTE
    src\keypad.c                             0x00000000   Number         0  keypad.o ABSOLUTE
    src\main.c                               0x00000000   Number         0  main.o ABSOLUTE
    src\segment_display.c                    0x00000000   Number         0  segment_display.o ABSOLUTE
    src\timer.c                              0x00000000   Number         0  timer.o ABSOLUTE
    RESET                                    0x08000000   Section      392  startup_stm32f40_41xxx.o(RESET)
    .ARM.Collect$$$$00000000                 0x08000188   Section        0  entry.o(.ARM.Collect$$$$00000000)
    .ARM.Collect$$$$00000001                 0x08000188   Section        4  entry2.o(.ARM.Collect$$$$00000001)
    .ARM.Collect$$$$00000004                 0x0800018c   Section        4  entry5.o(.ARM.Collect$$$$00000004)
    .ARM.Collect$$$$00000008                 0x08000190   Section        0  entry7b.o(.ARM.Collect$$$$00000008)
    .ARM.Collect$$$$0000000A                 0x08000190   Section        0  entry8b.o(.ARM.Collect$$$$0000000A)
    .ARM.Collect$$$$0000000B                 0x08000190   Section        8  entry9a.o(.ARM.Collect$$$$0000000B)
    .ARM.Collect$$$$0000000D                 0x08000198   Section        0  entry10a.o(.ARM.Collect$$$$0000000D)
    .ARM.Collect$$$$0000000F                 0x08000198   Section        0  entry11a.o(.ARM.Collect$$$$0000000F)
    .ARM.Collect$$$$00002712                 0x08000198   Section        4  entry2.o(.ARM.Collect$$$$00002712)
    __lit__00000000                          0x08000198   Data           4  entry2.o(.ARM.Collect$$$$00002712)
    .text                                    0x0800019c   Section        0  main.o(.text)
    .text                                    0x0800026c   Section        0  fput_debug.o(.text)
    .text                                    0x080002a4   Section        0  segment_display.o(.text)
    .text                                    0x08000940   Section        0  keypad.o(.text)
    .text                                    0x08000b50   Section        0  mems.o(.text)
    .text                                    0x08000f54   Section        0  kalmanfilter.o(.text)
    .text                                    0x08000fb0   Section        0  timer.o(.text)
    .text                                    0x08001014   Section        0  lis3dsh.o(.text)
    LIS3DSH_SendByte                         0x08001019   Thumb Code   106  lis3dsh.o(.text)
    LIS3DSH_LowLevel_Init                    0x080010bd   Thumb Code   294  lis3dsh.o(.text)
    .text                                    0x08001560   Section        0  misc.o(.text)
    .text                                    0x08001640   Section        0  stm32f4xx_exti.o(.text)
    .text                                    0x08001750   Section        0  stm32f4xx_gpio.o(.text)
    .text                                    0x080019e4   Section        0  stm32f4xx_rcc.o(.text)
    .text                                    0x08002018   Section        0  stm32f4xx_spi.o(.text)
    .text                                    0x08002468   Section        0  stm32f4xx_syscfg.o(.text)
    .text                                    0x080024fc   Section        0  stm32f4xx_tim.o(.text)
    TI4_Config                               0x08002c9b   Thumb Code    80  stm32f4xx_tim.o(.text)
    TI3_Config                               0x08002cfd   Thumb Code    72  stm32f4xx_tim.o(.text)
    TI2_Config                               0x08002d5f   Thumb Code    90  stm32f4xx_tim.o(.text)
    TI1_Config                               0x08002dcb   Thumb Code    58  stm32f4xx_tim.o(.text)
    .text                                    0x080031a0   Section       36  startup_stm32f40_41xxx.o(.text)
    $v0                                      0x080031a0   Number         0  startup_stm32f40_41xxx.o(.text)
    .text                                    0x080031c4   Section        0  system_stm32f4xx.o(.text)
    SetSysClock                              0x080031c5   Thumb Code   220  system_stm32f4xx.o(.text)
    .text                                    0x080033d4   Section        0  dadd.o(.text)
    .text                                    0x08003522   Section        0  dmul.o(.text)
    .text                                    0x08003606   Section        0  ddiv.o(.text)
    .text                                    0x080036e4   Section        0  dflti.o(.text)
    .text                                    0x08003706   Section        0  dfixi.o(.text)
    .text                                    0x08003744   Section        0  f2d.o(.text)
    .text                                    0x0800376a   Section        0  d2f.o(.text)
    .text                                    0x080037a2   Section        0  uidiv.o(.text)
    .text                                    0x080037ce   Section        0  uldiv.o(.text)
    .text                                    0x08003830   Section        0  llshl.o(.text)
    .text                                    0x0800384e   Section        0  llushr.o(.text)
    .text                                    0x0800386e   Section        0  llsshr.o(.text)
    .text                                    0x08003892   Section        0  fepilogue.o(.text)
    .text                                    0x08003892   Section        0  iusefp.o(.text)
    .text                                    0x08003900   Section        0  depilogue.o(.text)
    .text                                    0x080039b6   Section        0  dscalb.o(.text)
    .text                                    0x080039e4   Section        0  dfixul.o(.text)
    .text                                    0x08003a14   Section       40  cdrcmple.o(.text)
    .text                                    0x08003a3c   Section       36  init.o(.text)
    .text                                    0x08003a60   Section        0  dsqrt.o(.text)
    i.__0printf                              0x08003b04   Section        0  printfa.o(i.__0printf)
    i.__ARM_fpclassify                       0x08003b24   Section        0  fpclassify.o(i.__ARM_fpclassify)
    i.__hardfp_atan                          0x08003b58   Section        0  atan.o(i.__hardfp_atan)
    i.__hardfp_atan2                         0x08003e38   Section        0  atan2.o(i.__hardfp_atan2)
    i.__hardfp_pow                           0x08004028   Section        0  pow.o(i.__hardfp_pow)
    i.__kernel_poly                          0x08004c60   Section        0  poly.o(i.__kernel_poly)
    i.__mathlib_dbl_underflow                0x08004d58   Section        0  dunder.o(i.__mathlib_dbl_underflow)
    i.__scatterload_copy                     0x08004d78   Section       14  handlers.o(i.__scatterload_copy)
    i.__scatterload_null                     0x08004d86   Section        2  handlers.o(i.__scatterload_null)
    i.__scatterload_zeroinit                 0x08004d88   Section       14  handlers.o(i.__scatterload_zeroinit)
    i.__set_errno                            0x08004d98   Section        0  errno.o(i.__set_errno)
    i._fp_digits                             0x08004da4   Section        0  printfa.o(i._fp_digits)
    _fp_digits                               0x08004da5   Thumb Code   334  printfa.o(i._fp_digits)
    i._printf_core                           0x08004f08   Section        0  printfa.o(i._printf_core)
    _printf_core                             0x08004f09   Thumb Code  1744  printfa.o(i._printf_core)
    i._printf_post_padding                   0x080055e4   Section        0  printfa.o(i._printf_post_padding)
    _printf_post_padding                     0x080055e5   Thumb Code    36  printfa.o(i._printf_post_padding)
    i._printf_pre_padding                    0x08005608   Section        0  printfa.o(i._printf_pre_padding)
    _printf_pre_padding                      0x08005609   Thumb Code    46  printfa.o(i._printf_pre_padding)
    i.atan                                   0x08005636   Section        0  atan.o(i.atan)
    i.fabs                                   0x08005646   Section        0  fabs.o(i.fabs)
    i.sqrt                                   0x0800565e   Section        0  sqrt.o(i.sqrt)
    .constdata                               0x080056d0   Section      136  pow.o(.constdata)
    bp                                       0x080056d0   Data          16  pow.o(.constdata)
    dp_h                                     0x080056e0   Data          16  pow.o(.constdata)
    dp_l                                     0x080056f0   Data          16  pow.o(.constdata)
    L                                        0x08005700   Data          48  pow.o(.constdata)
    P                                        0x08005730   Data          40  pow.o(.constdata)
    .constdata                               0x08005758   Section      152  atan.o(.constdata)
    atanhi                                   0x08005758   Data          32  atan.o(.constdata)
    atanlo                                   0x08005778   Data          32  atan.o(.constdata)
    aTodd                                    0x08005798   Data          40  atan.o(.constdata)
    aTeven                                   0x080057c0   Data          48  atan.o(.constdata)
    .constdata                               0x080057f0   Section        8  qnan.o(.constdata)
    .data                                    0x20000000   Section        4  main.o(.data)
    .data                                    0x20000004   Section        8  segment_display.o(.data)
    .data                                    0x2000000c   Section       25  keypad.o(.data)
    .data                                    0x20000028   Section       84  mems.o(.data)
    .data                                    0x2000007c   Section        4  lis3dsh.o(.data)
    .data                                    0x20000080   Section       16  stm32f4xx_rcc.o(.data)
    APBAHBPrescTable                         0x20000080   Data          16  stm32f4xx_rcc.o(.data)
    .data                                    0x20000090   Section       20  system_stm32f4xx.o(.data)
    .data                                    0x200000a4   Section        4  stdout.o(.data)
    .data                                    0x200000a8   Section        4  errno.o(.data)
    _errno                                   0x200000a8   Data           4  errno.o(.data)
    STACK                                    0x200000b0   Section     1024  startup_stm32f40_41xxx.o(STACK)

    Global Symbols

    Symbol Name                              Value     Ov Type        Size  Object(Section)

    BuildAttributes$$THM_ISAv4$E$P$D$K$B$S$7EM$VFPi3$EXTD16$VFPS$VFMA$PE$A:L22UL41UL21$X:L11$S22US41US21$IEEE1$IW$USESV6$~STKCKD$USESV7$~SHL$OTIME$ROPI$IEEEX$EBA8$MICROLIB$REQ8$PRES8$EABIv2 0x00000000   Number         0  anon$$obj.o ABSOLUTE
    __ARM_use_no_argv                        0x00000000   Number         0  main.o ABSOLUTE
    _printf_a                                0x00000000   Number         0  stubs.o ABSOLUTE
    _printf_c                                0x00000000   Number         0  stubs.o ABSOLUTE
    _printf_charcount                        0x00000000   Number         0  stubs.o ABSOLUTE
    _printf_d                                0x00000000   Number         0  stubs.o ABSOLUTE
    _printf_e                                0x00000000   Number         0  stubs.o ABSOLUTE
    _printf_f                                0x00000000   Number         0  stubs.o ABSOLUTE
    _printf_flags                            0x00000000   Number         0  stubs.o ABSOLUTE
    _printf_fp_dec                           0x00000000   Number         0  stubs.o ABSOLUTE
    _printf_fp_hex                           0x00000000   Number         0  stubs.o ABSOLUTE
    _printf_g                                0x00000000   Number         0  stubs.o ABSOLUTE
    _printf_i                                0x00000000   Number         0  stubs.o ABSOLUTE
    _printf_int_dec                          0x00000000   Number         0  stubs.o ABSOLUTE
    _printf_l                                0x00000000   Number         0  stubs.o ABSOLUTE
    _printf_lc                               0x00000000   Number         0  stubs.o ABSOLUTE
    _printf_ll                               0x00000000   Number         0  stubs.o ABSOLUTE
    _printf_lld                              0x00000000   Number         0  stubs.o ABSOLUTE
    _printf_lli                              0x00000000   Number         0  stubs.o ABSOLUTE
    _printf_llo                              0x00000000   Number         0  stubs.o ABSOLUTE
    _printf_llu                              0x00000000   Number         0  stubs.o ABSOLUTE
    _printf_llx                              0x00000000   Number         0  stubs.o ABSOLUTE
    _printf_longlong_dec                     0x00000000   Number         0  stubs.o ABSOLUTE
    _printf_longlong_hex                     0x00000000   Number         0  stubs.o ABSOLUTE
    _printf_longlong_oct                     0x00000000   Number         0  stubs.o ABSOLUTE
    _printf_ls                               0x00000000   Number         0  stubs.o ABSOLUTE
    _printf_mbtowc                           0x00000000   Number         0  stubs.o ABSOLUTE
    _printf_n                                0x00000000   Number         0  stubs.o ABSOLUTE
    _printf_o                                0x00000000   Number         0  stubs.o ABSOLUTE
    _printf_p                                0x00000000   Number         0  stubs.o ABSOLUTE
    _printf_percent                          0x00000000   Number         0  stubs.o ABSOLUTE
    _printf_pre_padding                      0x00000000   Number         0  stubs.o ABSOLUTE
    _printf_return_value                     0x00000000   Number         0  stubs.o ABSOLUTE
    _printf_s                                0x00000000   Number         0  stubs.o ABSOLUTE
    _printf_sizespec                         0x00000000   Number         0  stubs.o ABSOLUTE
    _printf_str                              0x00000000   Number         0  stubs.o ABSOLUTE
    _printf_truncate_signed                  0x00000000   Number         0  stubs.o ABSOLUTE
    _printf_truncate_unsigned                0x00000000   Number         0  stubs.o ABSOLUTE
    _printf_u                                0x00000000   Number         0  stubs.o ABSOLUTE
    _printf_wc                               0x00000000   Number         0  stubs.o ABSOLUTE
    _printf_wctomb                           0x00000000   Number         0  stubs.o ABSOLUTE
    _printf_widthprec                        0x00000000   Number         0  stubs.o ABSOLUTE
    _printf_x                                0x00000000   Number         0  stubs.o ABSOLUTE
    __cpp_initialize__aeabi_                  - Undefined Weak Reference
    __cxa_finalize                            - Undefined Weak Reference
    __decompress                              - Undefined Weak Reference
    _clock_init                               - Undefined Weak Reference
    _microlib_exit                            - Undefined Weak Reference
    __Vectors_Size                           0x00000188   Number         0  startup_stm32f40_41xxx.o ABSOLUTE
    __Vectors                                0x08000000   Data           4  startup_stm32f40_41xxx.o(RESET)
    __Vectors_End                            0x08000188   Data           0  startup_stm32f40_41xxx.o(RESET)
    __main                                   0x08000189   Thumb Code     0  entry.o(.ARM.Collect$$$$00000000)
    _main_stk                                0x08000189   Thumb Code     0  entry2.o(.ARM.Collect$$$$00000001)
    _main_scatterload                        0x0800018d   Thumb Code     0  entry5.o(.ARM.Collect$$$$00000004)
    __main_after_scatterload                 0x08000191   Thumb Code     0  entry5.o(.ARM.Collect$$$$00000004)
    _main_clock                              0x08000191   Thumb Code     0  entry7b.o(.ARM.Collect$$$$00000008)
    _main_cpp_init                           0x08000191   Thumb Code     0  entry8b.o(.ARM.Collect$$$$0000000A)
    _main_init                               0x08000191   Thumb Code     0  entry9a.o(.ARM.Collect$$$$0000000B)
    __rt_final_cpp                           0x08000199   Thumb Code     0  entry10a.o(.ARM.Collect$$$$0000000D)
    __rt_final_exit                          0x08000199   Thumb Code     0  entry11a.o(.ARM.Collect$$$$0000000F)
    main                                     0x0800019d   Thumb Code   176  main.o(.text)
    EXTI0_IRQHandler                         0x0800024d   Thumb Code    22  main.o(.text)
    fputc                                    0x0800026d   Thumb Code    50  fput_debug.o(.text)
    seg_disp_init                            0x080002a5   Thumb Code    80  segment_display.o(.text)
    test_display                             0x080002f5   Thumb Code   116  segment_display.o(.text)
    display_digit                            0x08000369   Thumb Code   296  segment_display.o(.text)
    enable_pos                               0x08000491   Thumb Code    98  segment_display.o(.text)
    display_angle                            0x080004f3   Thumb Code   366  segment_display.o(.text)
    display_high                             0x08000661   Thumb Code   236  segment_display.o(.text)
    display_low                              0x0800074d   Thumb Code   206  segment_display.o(.text)
    display_int                              0x0800081b   Thumb Code   162  segment_display.o(.text)
    display_keypad_input                     0x080008bd   Thumb Code    64  segment_display.o(.text)
    TIM3_IRQHandler                          0x080008fd   Thumb Code    44  segment_display.o(.text)
    get_column                               0x08000941   Thumb Code   128  keypad.o(.text)
    get_row                                  0x080009c1   Thumb Code   144  keypad.o(.text)
    key_fsm                                  0x08000a51   Thumb Code   184  keypad.o(.text)
    get_key                                  0x08000b09   Thumb Code    34  keypad.o(.text)
    MEMS_config                              0x08000b51   Thumb Code    44  mems.o(.text)
    MEMS_interrupt_config                    0x08000b7d   Thumb Code   142  mems.o(.text)
    MEMS_read_value                          0x08000c0b   Thumb Code   574  mems.o(.text)
    get_pitch                                0x08000e49   Thumb Code    68  mems.o(.text)
    get_roll                                 0x08000e8d   Thumb Code    68  mems.o(.text)
    Kalmanfilter_C                           0x08000f55   Thumb Code    90  kalmanfilter.o(.text)
    timer_init                               0x08000fb1   Thumb Code    94  timer.o(.text)
    LIS3DSH_TIMEOUT_UserCallback             0x08001015   Thumb Code     4  lis3dsh.o(.text)
    LIS3DSH_Write                            0x08001083   Thumb Code    58  lis3dsh.o(.text)
    LIS3DSH_Init                             0x080011e3   Thumb Code    58  lis3dsh.o(.text)
    LIS3DSH_Read                             0x0800121d   Thumb Code    66  lis3dsh.o(.text)
    LIS3DSH_DataReadyInterruptConfig         0x0800125f   Thumb Code    42  lis3dsh.o(.text)
    LIS3DSH_LowpowerCmd                      0x08001289   Thumb Code    40  lis3dsh.o(.text)
    LIS3DSH_DataRateCmd                      0x080012b1   Thumb Code    44  lis3dsh.o(.text)
    LIS3DSH_FullScaleCmd                     0x080012dd   Thumb Code    44  lis3dsh.o(.text)
    LIS3DSH_ReadACC                          0x08001309   Thumb Code   576  lis3dsh.o(.text)
    NVIC_PriorityGroupConfig                 0x08001561   Thumb Code    10  misc.o(.text)
    NVIC_Init                                0x0800156b   Thumb Code   106  misc.o(.text)
    NVIC_SetVectorTable                      0x080015d5   Thumb Code    14  misc.o(.text)
    NVIC_SystemLPConfig                      0x080015e3   Thumb Code    34  misc.o(.text)
    SysTick_CLKSourceConfig                  0x08001605   Thumb Code    40  misc.o(.text)
    EXTI_DeInit                              0x08001641   Thumb Code    28  stm32f4xx_exti.o(.text)
    EXTI_Init                                0x0800165d   Thumb Code   142  stm32f4xx_exti.o(.text)
    EXTI_StructInit                          0x080016eb   Thumb Code    16  stm32f4xx_exti.o(.text)
    EXTI_GenerateSWInterrupt                 0x080016fb   Thumb Code    16  stm32f4xx_exti.o(.text)
    EXTI_GetFlagStatus                       0x0800170b   Thumb Code    22  stm32f4xx_exti.o(.text)
    EXTI_ClearFlag                           0x08001721   Thumb Code     8  stm32f4xx_exti.o(.text)
    EXTI_GetITStatus                         0x08001729   Thumb Code    22  stm32f4xx_exti.o(.text)
    EXTI_ClearITPendingBit                   0x0800173f   Thumb Code     8  stm32f4xx_exti.o(.text)
    GPIO_DeInit                              0x08001751   Thumb Code   268  stm32f4xx_gpio.o(.text)
    GPIO_Init                                0x0800185d   Thumb Code   144  stm32f4xx_gpio.o(.text)
    GPIO_StructInit                          0x080018ed   Thumb Code    18  stm32f4xx_gpio.o(.text)
    GPIO_PinLockConfig                       0x080018ff   Thumb Code    34  stm32f4xx_gpio.o(.text)
    GPIO_ReadInputDataBit                    0x08001921   Thumb Code    18  stm32f4xx_gpio.o(.text)
    GPIO_ReadInputData                       0x08001933   Thumb Code     8  stm32f4xx_gpio.o(.text)
    GPIO_ReadOutputDataBit                   0x0800193b   Thumb Code    18  stm32f4xx_gpio.o(.text)
    GPIO_ReadOutputData                      0x0800194d   Thumb Code     8  stm32f4xx_gpio.o(.text)
    GPIO_SetBits                             0x08001955   Thumb Code     4  stm32f4xx_gpio.o(.text)
    GPIO_ResetBits                           0x08001959   Thumb Code     4  stm32f4xx_gpio.o(.text)
    GPIO_WriteBit                            0x0800195d   Thumb Code    10  stm32f4xx_gpio.o(.text)
    GPIO_Write                               0x08001967   Thumb Code     4  stm32f4xx_gpio.o(.text)
    GPIO_ToggleBits                          0x0800196b   Thumb Code     8  stm32f4xx_gpio.o(.text)
    GPIO_PinAFConfig                         0x08001973   Thumb Code    70  stm32f4xx_gpio.o(.text)
    RCC_DeInit                               0x080019e5   Thumb Code    82  stm32f4xx_rcc.o(.text)
    RCC_HSEConfig                            0x08001a37   Thumb Code    14  stm32f4xx_rcc.o(.text)
    RCC_GetFlagStatus                        0x08001a45   Thumb Code    60  stm32f4xx_rcc.o(.text)
    RCC_WaitForHSEStartUp                    0x08001a81   Thumb Code    56  stm32f4xx_rcc.o(.text)
    RCC_AdjustHSICalibrationValue            0x08001ab9   Thumb Code    20  stm32f4xx_rcc.o(.text)
    RCC_HSICmd                               0x08001acd   Thumb Code     6  stm32f4xx_rcc.o(.text)
    RCC_LSEConfig                            0x08001ad3   Thumb Code    46  stm32f4xx_rcc.o(.text)
    RCC_LSICmd                               0x08001b01   Thumb Code     6  stm32f4xx_rcc.o(.text)
    RCC_PLLConfig                            0x08001b07   Thumb Code    32  stm32f4xx_rcc.o(.text)
    RCC_PLLCmd                               0x08001b27   Thumb Code     6  stm32f4xx_rcc.o(.text)
    RCC_PLLI2SConfig                         0x08001b2d   Thumb Code    14  stm32f4xx_rcc.o(.text)
    RCC_PLLI2SCmd                            0x08001b3b   Thumb Code     6  stm32f4xx_rcc.o(.text)
    RCC_PLLSAIConfig                         0x08001b41   Thumb Code    20  stm32f4xx_rcc.o(.text)
    RCC_PLLSAICmd                            0x08001b55   Thumb Code     6  stm32f4xx_rcc.o(.text)
    RCC_ClockSecuritySystemCmd               0x08001b5b   Thumb Code     6  stm32f4xx_rcc.o(.text)
    RCC_MCO1Config                           0x08001b61   Thumb Code    28  stm32f4xx_rcc.o(.text)
    RCC_MCO2Config                           0x08001b7d   Thumb Code    28  stm32f4xx_rcc.o(.text)
    RCC_SYSCLKConfig                         0x08001b99   Thumb Code    20  stm32f4xx_rcc.o(.text)
    RCC_GetSYSCLKSource                      0x08001bad   Thumb Code    12  stm32f4xx_rcc.o(.text)
    RCC_HCLKConfig                           0x08001bb9   Thumb Code    20  stm32f4xx_rcc.o(.text)
    RCC_PCLK1Config                          0x08001bcd   Thumb Code    20  stm32f4xx_rcc.o(.text)
    RCC_PCLK2Config                          0x08001be1   Thumb Code    22  stm32f4xx_rcc.o(.text)
    RCC_GetClocksFreq                        0x08001bf7   Thumb Code   222  stm32f4xx_rcc.o(.text)
    RCC_RTCCLKConfig                         0x08001cd5   Thumb Code    54  stm32f4xx_rcc.o(.text)
    RCC_RTCCLKCmd                            0x08001d0b   Thumb Code     8  stm32f4xx_rcc.o(.text)
    RCC_BackupResetCmd                       0x08001d13   Thumb Code     8  stm32f4xx_rcc.o(.text)
    RCC_I2SCLKConfig                         0x08001d1b   Thumb Code     6  stm32f4xx_rcc.o(.text)
    RCC_SAIPLLI2SClkDivConfig                0x08001d21   Thumb Code    26  stm32f4xx_rcc.o(.text)
    RCC_SAIPLLSAIClkDivConfig                0x08001d3b   Thumb Code    28  stm32f4xx_rcc.o(.text)
    RCC_SAIBlockACLKConfig                   0x08001d57   Thumb Code    20  stm32f4xx_rcc.o(.text)
    RCC_SAIBlockBCLKConfig                   0x08001d6b   Thumb Code    20  stm32f4xx_rcc.o(.text)
    RCC_LTDCCLKDivConfig                     0x08001d7f   Thumb Code    20  stm32f4xx_rcc.o(.text)
    RCC_TIMCLKPresConfig                     0x08001d93   Thumb Code     6  stm32f4xx_rcc.o(.text)
    RCC_AHB1PeriphClockCmd                   0x08001d99   Thumb Code    34  stm32f4xx_rcc.o(.text)
    RCC_AHB2PeriphClockCmd                   0x08001dbb   Thumb Code    78  stm32f4xx_rcc.o(.text)
    RCC_AHB3PeriphClockCmd                   0x08001e09   Thumb Code    34  stm32f4xx_rcc.o(.text)
    RCC_APB1PeriphClockCmd                   0x08001e2b   Thumb Code    34  stm32f4xx_rcc.o(.text)
    RCC_APB2PeriphClockCmd                   0x08001e4d   Thumb Code    34  stm32f4xx_rcc.o(.text)
    RCC_AHB1PeriphResetCmd                   0x08001e6f   Thumb Code    34  stm32f4xx_rcc.o(.text)
    RCC_AHB2PeriphResetCmd                   0x08001e91   Thumb Code    34  stm32f4xx_rcc.o(.text)
    RCC_AHB3PeriphResetCmd                   0x08001eb3   Thumb Code    34  stm32f4xx_rcc.o(.text)
    RCC_APB1PeriphResetCmd                   0x08001ed5   Thumb Code    34  stm32f4xx_rcc.o(.text)
    RCC_APB2PeriphResetCmd                   0x08001ef7   Thumb Code    34  stm32f4xx_rcc.o(.text)
    RCC_AHB1PeriphClockLPModeCmd             0x08001f19   Thumb Code    34  stm32f4xx_rcc.o(.text)
    RCC_AHB2PeriphClockLPModeCmd             0x08001f3b   Thumb Code    34  stm32f4xx_rcc.o(.text)
    RCC_AHB3PeriphClockLPModeCmd             0x08001f5d   Thumb Code    34  stm32f4xx_rcc.o(.text)
    RCC_APB1PeriphClockLPModeCmd             0x08001f7f   Thumb Code    34  stm32f4xx_rcc.o(.text)
    RCC_APB2PeriphClockLPModeCmd             0x08001fa1   Thumb Code    34  stm32f4xx_rcc.o(.text)
    RCC_ITConfig                             0x08001fc3   Thumb Code    34  stm32f4xx_rcc.o(.text)
    RCC_ClearFlag                            0x08001fe5   Thumb Code    18  stm32f4xx_rcc.o(.text)
    RCC_GetITStatus                          0x08001ff7   Thumb Code    22  stm32f4xx_rcc.o(.text)
    RCC_ClearITPendingBit                    0x0800200d   Thumb Code     8  stm32f4xx_rcc.o(.text)
    SPI_I2S_DeInit                           0x08002019   Thumb Code   152  stm32f4xx_spi.o(.text)
    SPI_Init                                 0x080020b1   Thumb Code    60  stm32f4xx_spi.o(.text)
    I2S_Init                                 0x080020ed   Thumb Code   350  stm32f4xx_spi.o(.text)
    SPI_StructInit                           0x0800224b   Thumb Code    24  stm32f4xx_spi.o(.text)
    I2S_StructInit                           0x08002263   Thumb Code    20  stm32f4xx_spi.o(.text)
    SPI_Cmd                                  0x08002277   Thumb Code    24  stm32f4xx_spi.o(.text)
    I2S_Cmd                                  0x0800228f   Thumb Code    24  stm32f4xx_spi.o(.text)
    SPI_DataSizeConfig                       0x080022a7   Thumb Code    18  stm32f4xx_spi.o(.text)
    SPI_BiDirectionalLineConfig              0x080022b9   Thumb Code    28  stm32f4xx_spi.o(.text)
    SPI_NSSInternalSoftwareConfig            0x080022d5   Thumb Code    30  stm32f4xx_spi.o(.text)
    SPI_SSOutputCmd                          0x080022f3   Thumb Code    24  stm32f4xx_spi.o(.text)
    SPI_TIModeCmd                            0x0800230b   Thumb Code    24  stm32f4xx_spi.o(.text)
    I2S_FullDuplexConfig                     0x08002323   Thumb Code    80  stm32f4xx_spi.o(.text)
    SPI_I2S_ReceiveData                      0x08002373   Thumb Code     6  stm32f4xx_spi.o(.text)
    SPI_I2S_SendData                         0x08002379   Thumb Code     4  stm32f4xx_spi.o(.text)
    SPI_CalculateCRC                         0x0800237d   Thumb Code    24  stm32f4xx_spi.o(.text)
    SPI_TransmitCRC                          0x08002395   Thumb Code    10  stm32f4xx_spi.o(.text)
    SPI_GetCRC                               0x0800239f   Thumb Code    16  stm32f4xx_spi.o(.text)
    SPI_GetCRCPolynomial                     0x080023af   Thumb Code     6  stm32f4xx_spi.o(.text)
    SPI_I2S_DMACmd                           0x080023b5   Thumb Code    18  stm32f4xx_spi.o(.text)
    SPI_I2S_ITConfig                         0x080023c7   Thumb Code    32  stm32f4xx_spi.o(.text)
    SPI_I2S_GetFlagStatus                    0x080023e7   Thumb Code    50  stm32f4xx_spi.o(.text)
    SPI_I2S_ClearFlag                        0x08002419   Thumb Code     6  stm32f4xx_spi.o(.text)
    SPI_I2S_GetITStatus                      0x0800241f   Thumb Code    52  stm32f4xx_spi.o(.text)
    SPI_I2S_ClearITPendingBit                0x08002453   Thumb Code    20  stm32f4xx_spi.o(.text)
    SYSCFG_DeInit                            0x08002469   Thumb Code    22  stm32f4xx_syscfg.o(.text)
    SYSCFG_MemoryRemapConfig                 0x0800247f   Thumb Code     6  stm32f4xx_syscfg.o(.text)
    SYSCFG_MemorySwappingBank                0x08002485   Thumb Code     6  stm32f4xx_syscfg.o(.text)
    SYSCFG_EXTILineConfig                    0x0800248b   Thumb Code    66  stm32f4xx_syscfg.o(.text)
    SYSCFG_ETH_MediaInterfaceConfig          0x080024cd   Thumb Code     8  stm32f4xx_syscfg.o(.text)
    SYSCFG_CompensationCellCmd               0x080024d5   Thumb Code     6  stm32f4xx_syscfg.o(.text)
    SYSCFG_GetCompensationCellStatus         0x080024db   Thumb Code    22  stm32f4xx_syscfg.o(.text)
    TIM_DeInit                               0x080024fd   Thumb Code   346  stm32f4xx_tim.o(.text)
    TIM_TimeBaseInit                         0x08002657   Thumb Code   104  stm32f4xx_tim.o(.text)
    TIM_TimeBaseStructInit                   0x080026bf   Thumb Code    18  stm32f4xx_tim.o(.text)
    TIM_PrescalerConfig                      0x080026d1   Thumb Code     6  stm32f4xx_tim.o(.text)
    TIM_CounterModeConfig                    0x080026d7   Thumb Code    18  stm32f4xx_tim.o(.text)
    TIM_SetCounter                           0x080026e9   Thumb Code     4  stm32f4xx_tim.o(.text)
    TIM_SetAutoreload                        0x080026ed   Thumb Code     4  stm32f4xx_tim.o(.text)
    TIM_GetCounter                           0x080026f1   Thumb Code     6  stm32f4xx_tim.o(.text)
    TIM_GetPrescaler                         0x080026f7   Thumb Code     6  stm32f4xx_tim.o(.text)
    TIM_UpdateDisableConfig                  0x080026fd   Thumb Code    24  stm32f4xx_tim.o(.text)
    TIM_UpdateRequestConfig                  0x08002715   Thumb Code    24  stm32f4xx_tim.o(.text)
    TIM_ARRPreloadConfig                     0x0800272d   Thumb Code    24  stm32f4xx_tim.o(.text)
    TIM_SelectOnePulseMode                   0x08002745   Thumb Code    18  stm32f4xx_tim.o(.text)
    TIM_SetClockDivision                     0x08002757   Thumb Code    18  stm32f4xx_tim.o(.text)
    TIM_Cmd                                  0x08002769   Thumb Code    24  stm32f4xx_tim.o(.text)
    TIM_OC1Init                              0x08002781   Thumb Code   114  stm32f4xx_tim.o(.text)
    TIM_OC2Init                              0x080027f3   Thumb Code   154  stm32f4xx_tim.o(.text)
    TIM_OC3Init                              0x0800288d   Thumb Code   204  stm32f4xx_tim.o(.text)
    TIM_OC4Init                              0x08002959   Thumb Code   112  stm32f4xx_tim.o(.text)
    TIM_OCStructInit                         0x080029c9   Thumb Code    20  stm32f4xx_tim.o(.text)
    TIM_SelectOCxM                           0x080029dd   Thumb Code    86  stm32f4xx_tim.o(.text)
    TIM_SetCompare1                          0x08002a33   Thumb Code     4  stm32f4xx_tim.o(.text)
    TIM_SetCompare2                          0x08002a37   Thumb Code     4  stm32f4xx_tim.o(.text)
    TIM_SetCompare3                          0x08002a3b   Thumb Code     4  stm32f4xx_tim.o(.text)
    TIM_SetCompare4                          0x08002a3f   Thumb Code     4  stm32f4xx_tim.o(.text)
    TIM_ForcedOC1Config                      0x08002a43   Thumb Code    18  stm32f4xx_tim.o(.text)
    TIM_ForcedOC2Config                      0x08002a55   Thumb Code    26  stm32f4xx_tim.o(.text)
    TIM_ForcedOC3Config                      0x08002a6f   Thumb Code    18  stm32f4xx_tim.o(.text)
    TIM_ForcedOC4Config                      0x08002a81   Thumb Code    26  stm32f4xx_tim.o(.text)
    TIM_OC1PreloadConfig                     0x08002a9b   Thumb Code    18  stm32f4xx_tim.o(.text)
    TIM_OC2PreloadConfig                     0x08002aad   Thumb Code    26  stm32f4xx_tim.o(.text)
    TIM_OC3PreloadConfig                     0x08002ac7   Thumb Code    18  stm32f4xx_tim.o(.text)
    TIM_OC4PreloadConfig                     0x08002ad9   Thumb Code    26  stm32f4xx_tim.o(.text)
    TIM_OC1FastConfig                        0x08002af3   Thumb Code    18  stm32f4xx_tim.o(.text)
    TIM_OC2FastConfig                        0x08002b05   Thumb Code    26  stm32f4xx_tim.o(.text)
    TIM_OC3FastConfig                        0x08002b1f   Thumb Code    18  stm32f4xx_tim.o(.text)
    TIM_OC4FastConfig                        0x08002b31   Thumb Code    26  stm32f4xx_tim.o(.text)
    TIM_ClearOC1Ref                          0x08002b4b   Thumb Code    18  stm32f4xx_tim.o(.text)
    TIM_ClearOC2Ref                          0x08002b5d   Thumb Code    24  stm32f4xx_tim.o(.text)
    TIM_ClearOC3Ref                          0x08002b75   Thumb Code    18  stm32f4xx_tim.o(.text)
    TIM_ClearOC4Ref                          0x08002b87   Thumb Code    24  stm32f4xx_tim.o(.text)
    TIM_OC1PolarityConfig                    0x08002b9f   Thumb Code    18  stm32f4xx_tim.o(.text)
    TIM_OC1NPolarityConfig                   0x08002bb1   Thumb Code    18  stm32f4xx_tim.o(.text)
    TIM_OC2PolarityConfig                    0x08002bc3   Thumb Code    26  stm32f4xx_tim.o(.text)
    TIM_OC2NPolarityConfig                   0x08002bdd   Thumb Code    26  stm32f4xx_tim.o(.text)
    TIM_OC3PolarityConfig                    0x08002bf7   Thumb Code    26  stm32f4xx_tim.o(.text)
    TIM_OC3NPolarityConfig                   0x08002c11   Thumb Code    26  stm32f4xx_tim.o(.text)
    TIM_OC4PolarityConfig                    0x08002c2b   Thumb Code    26  stm32f4xx_tim.o(.text)
    TIM_CCxCmd                               0x08002c45   Thumb Code    30  stm32f4xx_tim.o(.text)
    TIM_CCxNCmd                              0x08002c63   Thumb Code    30  stm32f4xx_tim.o(.text)
    TIM_SetIC4Prescaler                      0x08002c81   Thumb Code    26  stm32f4xx_tim.o(.text)
    TIM_SetIC3Prescaler                      0x08002ceb   Thumb Code    18  stm32f4xx_tim.o(.text)
    TIM_SetIC2Prescaler                      0x08002d45   Thumb Code    26  stm32f4xx_tim.o(.text)
    TIM_SetIC1Prescaler                      0x08002db9   Thumb Code    18  stm32f4xx_tim.o(.text)
    TIM_ICInit                               0x08002e05   Thumb Code   110  stm32f4xx_tim.o(.text)
    TIM_ICStructInit                         0x08002e73   Thumb Code    18  stm32f4xx_tim.o(.text)
    TIM_PWMIConfig                           0x08002e85   Thumb Code   124  stm32f4xx_tim.o(.text)
    TIM_GetCapture1                          0x08002f01   Thumb Code     6  stm32f4xx_tim.o(.text)
    TIM_GetCapture2                          0x08002f07   Thumb Code     6  stm32f4xx_tim.o(.text)
    TIM_GetCapture3                          0x08002f0d   Thumb Code     6  stm32f4xx_tim.o(.text)
    TIM_GetCapture4                          0x08002f13   Thumb Code     6  stm32f4xx_tim.o(.text)
    TIM_BDTRConfig                           0x08002f19   Thumb Code    32  stm32f4xx_tim.o(.text)
    TIM_BDTRStructInit                       0x08002f39   Thumb Code    18  stm32f4xx_tim.o(.text)
    TIM_CtrlPWMOutputs                       0x08002f4b   Thumb Code    30  stm32f4xx_tim.o(.text)
    TIM_SelectCOM                            0x08002f69   Thumb Code    24  stm32f4xx_tim.o(.text)
    TIM_CCPreloadControl                     0x08002f81   Thumb Code    24  stm32f4xx_tim.o(.text)
    TIM_ITConfig                             0x08002f99   Thumb Code    18  stm32f4xx_tim.o(.text)
    TIM_GenerateEvent                        0x08002fab   Thumb Code     4  stm32f4xx_tim.o(.text)
    TIM_GetFlagStatus                        0x08002faf   Thumb Code    18  stm32f4xx_tim.o(.text)
    TIM_ClearFlag                            0x08002fc1   Thumb Code     6  stm32f4xx_tim.o(.text)
    TIM_GetITStatus                          0x08002fc7   Thumb Code    34  stm32f4xx_tim.o(.text)
    TIM_ClearITPendingBit                    0x08002fe9   Thumb Code     6  stm32f4xx_tim.o(.text)
    TIM_DMAConfig                            0x08002fef   Thumb Code    10  stm32f4xx_tim.o(.text)
    TIM_DMACmd                               0x08002ff9   Thumb Code    18  stm32f4xx_tim.o(.text)
    TIM_SelectCCDMA                          0x0800300b   Thumb Code    24  stm32f4xx_tim.o(.text)
    TIM_InternalClockConfig                  0x08003023   Thumb Code    12  stm32f4xx_tim.o(.text)
    TIM_SelectInputTrigger                   0x0800302f   Thumb Code    18  stm32f4xx_tim.o(.text)
    TIM_ITRxExternalClockConfig              0x08003041   Thumb Code    24  stm32f4xx_tim.o(.text)
    TIM_TIxExternalClockConfig               0x08003059   Thumb Code    62  stm32f4xx_tim.o(.text)
    TIM_ETRConfig                            0x08003097   Thumb Code    28  stm32f4xx_tim.o(.text)
    TIM_ETRClockMode1Config                  0x080030b3   Thumb Code    54  stm32f4xx_tim.o(.text)
    TIM_ETRClockMode2Config                  0x080030e9   Thumb Code    32  stm32f4xx_tim.o(.text)
    TIM_SelectOutputTrigger                  0x08003109   Thumb Code    18  stm32f4xx_tim.o(.text)
    TIM_SelectSlaveMode                      0x0800311b   Thumb Code    18  stm32f4xx_tim.o(.text)
    TIM_SelectMasterSlaveMode                0x0800312d   Thumb Code    18  stm32f4xx_tim.o(.text)
    TIM_EncoderInterfaceConfig               0x0800313f   Thumb Code    66  stm32f4xx_tim.o(.text)
    TIM_SelectHallSensor                     0x08003181   Thumb Code    24  stm32f4xx_tim.o(.text)
    TIM_RemapConfig                          0x08003199   Thumb Code     6  stm32f4xx_tim.o(.text)
    Reset_Handler                            0x080031a1   Thumb Code     8  startup_stm32f40_41xxx.o(.text)
    NMI_Handler                              0x080031a9   Thumb Code     2  startup_stm32f40_41xxx.o(.text)
    HardFault_Handler                        0x080031ab   Thumb Code     2  startup_stm32f40_41xxx.o(.text)
    MemManage_Handler                        0x080031ad   Thumb Code     2  startup_stm32f40_41xxx.o(.text)
    BusFault_Handler                         0x080031af   Thumb Code     2  startup_stm32f40_41xxx.o(.text)
    UsageFault_Handler                       0x080031b1   Thumb Code     2  startup_stm32f40_41xxx.o(.text)
    SVC_Handler                              0x080031b3   Thumb Code     2  startup_stm32f40_41xxx.o(.text)
    DebugMon_Handler                         0x080031b5   Thumb Code     2  startup_stm32f40_41xxx.o(.text)
    PendSV_Handler                           0x080031b7   Thumb Code     2  startup_stm32f40_41xxx.o(.text)
    SysTick_Handler                          0x080031b9   Thumb Code     2  startup_stm32f40_41xxx.o(.text)
    ADC_IRQHandler                           0x080031bb   Thumb Code     0  startup_stm32f40_41xxx.o(.text)
    CAN1_RX0_IRQHandler                      0x080031bb   Thumb Code     0  startup_stm32f40_41xxx.o(.text)
    CAN1_RX1_IRQHandler                      0x080031bb   Thumb Code     0  startup_stm32f40_41xxx.o(.text)
    CAN1_SCE_IRQHandler                      0x080031bb   Thumb Code     0  startup_stm32f40_41xxx.o(.text)
    CAN1_TX_IRQHandler                       0x080031bb   Thumb Code     0  startup_stm32f40_41xxx.o(.text)
    CAN2_RX0_IRQHandler                      0x080031bb   Thumb Code     0  startup_stm32f40_41xxx.o(.text)
    CAN2_RX1_IRQHandler                      0x080031bb   Thumb Code     0  startup_stm32f40_41xxx.o(.text)
    CAN2_SCE_IRQHandler                      0x080031bb   Thumb Code     0  startup_stm32f40_41xxx.o(.text)
    CAN2_TX_IRQHandler                       0x080031bb   Thumb Code     0  startup_stm32f40_41xxx.o(.text)
    CRYP_IRQHandler                          0x080031bb   Thumb Code     0  startup_stm32f40_41xxx.o(.text)
    DCMI_IRQHandler                          0x080031bb   Thumb Code     0  startup_stm32f40_41xxx.o(.text)
    DMA1_Stream0_IRQHandler                  0x080031bb   Thumb Code     0  startup_stm32f40_41xxx.o(.text)
    DMA1_Stream1_IRQHandler                  0x080031bb   Thumb Code     0  startup_stm32f40_41xxx.o(.text)
    DMA1_Stream2_IRQHandler                  0x080031bb   Thumb Code     0  startup_stm32f40_41xxx.o(.text)
    DMA1_Stream3_IRQHandler                  0x080031bb   Thumb Code     0  startup_stm32f40_41xxx.o(.text)
    DMA1_Stream4_IRQHandler                  0x080031bb   Thumb Code     0  startup_stm32f40_41xxx.o(.text)
    DMA1_Stream5_IRQHandler                  0x080031bb   Thumb Code     0  startup_stm32f40_41xxx.o(.text)
    DMA1_Stream6_IRQHandler                  0x080031bb   Thumb Code     0  startup_stm32f40_41xxx.o(.text)
    DMA1_Stream7_IRQHandler                  0x080031bb   Thumb Code     0  startup_stm32f40_41xxx.o(.text)
    DMA2_Stream0_IRQHandler                  0x080031bb   Thumb Code     0  startup_stm32f40_41xxx.o(.text)
    DMA2_Stream1_IRQHandler                  0x080031bb   Thumb Code     0  startup_stm32f40_41xxx.o(.text)
    DMA2_Stream2_IRQHandler                  0x080031bb   Thumb Code     0  startup_stm32f40_41xxx.o(.text)
    DMA2_Stream3_IRQHandler                  0x080031bb   Thumb Code     0  startup_stm32f40_41xxx.o(.text)
    DMA2_Stream4_IRQHandler                  0x080031bb   Thumb Code     0  startup_stm32f40_41xxx.o(.text)
    DMA2_Stream5_IRQHandler                  0x080031bb   Thumb Code     0  startup_stm32f40_41xxx.o(.text)
    DMA2_Stream6_IRQHandler                  0x080031bb   Thumb Code     0  startup_stm32f40_41xxx.o(.text)
    DMA2_Stream7_IRQHandler                  0x080031bb   Thumb Code     0  startup_stm32f40_41xxx.o(.text)
    ETH_IRQHandler                           0x080031bb   Thumb Code     0  startup_stm32f40_41xxx.o(.text)
    ETH_WKUP_IRQHandler                      0x080031bb   Thumb Code     0  startup_stm32f40_41xxx.o(.text)
    EXTI15_10_IRQHandler                     0x080031bb   Thumb Code     0  startup_stm32f40_41xxx.o(.text)
    EXTI1_IRQHandler                         0x080031bb   Thumb Code     0  startup_stm32f40_41xxx.o(.text)
    EXTI2_IRQHandler                         0x080031bb   Thumb Code     0  startup_stm32f40_41xxx.o(.text)
    EXTI3_IRQHandler                         0x080031bb   Thumb Code     0  startup_stm32f40_41xxx.o(.text)
    EXTI4_IRQHandler                         0x080031bb   Thumb Code     0  startup_stm32f40_41xxx.o(.text)
    EXTI9_5_IRQHandler                       0x080031bb   Thumb Code     0  startup_stm32f40_41xxx.o(.text)
    FLASH_IRQHandler                         0x080031bb   Thumb Code     0  startup_stm32f40_41xxx.o(.text)
    FPU_IRQHandler                           0x080031bb   Thumb Code     0  startup_stm32f40_41xxx.o(.text)
    FSMC_IRQHandler                          0x080031bb   Thumb Code     0  startup_stm32f40_41xxx.o(.text)
    HASH_RNG_IRQHandler                      0x080031bb   Thumb Code     0  startup_stm32f40_41xxx.o(.text)
    I2C1_ER_IRQHandler                       0x080031bb   Thumb Code     0  startup_stm32f40_41xxx.o(.text)
    I2C1_EV_IRQHandler                       0x080031bb   Thumb Code     0  startup_stm32f40_41xxx.o(.text)
    I2C2_ER_IRQHandler                       0x080031bb   Thumb Code     0  startup_stm32f40_41xxx.o(.text)
    I2C2_EV_IRQHandler                       0x080031bb   Thumb Code     0  startup_stm32f40_41xxx.o(.text)
    I2C3_ER_IRQHandler                       0x080031bb   Thumb Code     0  startup_stm32f40_41xxx.o(.text)
    I2C3_EV_IRQHandler                       0x080031bb   Thumb Code     0  startup_stm32f40_41xxx.o(.text)
    OTG_FS_IRQHandler                        0x080031bb   Thumb Code     0  startup_stm32f40_41xxx.o(.text)
    OTG_FS_WKUP_IRQHandler                   0x080031bb   Thumb Code     0  startup_stm32f40_41xxx.o(.text)
    OTG_HS_EP1_IN_IRQHandler                 0x080031bb   Thumb Code     0  startup_stm32f40_41xxx.o(.text)
    OTG_HS_EP1_OUT_IRQHandler                0x080031bb   Thumb Code     0  startup_stm32f40_41xxx.o(.text)
    OTG_HS_IRQHandler                        0x080031bb   Thumb Code     0  startup_stm32f40_41xxx.o(.text)
    OTG_HS_WKUP_IRQHandler                   0x080031bb   Thumb Code     0  startup_stm32f40_41xxx.o(.text)
    PVD_IRQHandler                           0x080031bb   Thumb Code     0  startup_stm32f40_41xxx.o(.text)
    RCC_IRQHandler                           0x080031bb   Thumb Code     0  startup_stm32f40_41xxx.o(.text)
    RTC_Alarm_IRQHandler                     0x080031bb   Thumb Code     0  startup_stm32f40_41xxx.o(.text)
    RTC_WKUP_IRQHandler                      0x080031bb   Thumb Code     0  startup_stm32f40_41xxx.o(.text)
    SDIO_IRQHandler                          0x080031bb   Thumb Code     0  startup_stm32f40_41xxx.o(.text)
    SPI1_IRQHandler                          0x080031bb   Thumb Code     0  startup_stm32f40_41xxx.o(.text)
    SPI2_IRQHandler                          0x080031bb   Thumb Code     0  startup_stm32f40_41xxx.o(.text)
    SPI3_IRQHandler                          0x080031bb   Thumb Code     0  startup_stm32f40_41xxx.o(.text)
    TAMP_STAMP_IRQHandler                    0x080031bb   Thumb Code     0  startup_stm32f40_41xxx.o(.text)
    TIM1_BRK_TIM9_IRQHandler                 0x080031bb   Thumb Code     0  startup_stm32f40_41xxx.o(.text)
    TIM1_CC_IRQHandler                       0x080031bb   Thumb Code     0  startup_stm32f40_41xxx.o(.text)
    TIM1_TRG_COM_TIM11_IRQHandler            0x080031bb   Thumb Code     0  startup_stm32f40_41xxx.o(.text)
    TIM1_UP_TIM10_IRQHandler                 0x080031bb   Thumb Code     0  startup_stm32f40_41xxx.o(.text)
    TIM2_IRQHandler                          0x080031bb   Thumb Code     0  startup_stm32f40_41xxx.o(.text)
    TIM4_IRQHandler                          0x080031bb   Thumb Code     0  startup_stm32f40_41xxx.o(.text)
    TIM5_IRQHandler                          0x080031bb   Thumb Code     0  startup_stm32f40_41xxx.o(.text)
    TIM6_DAC_IRQHandler                      0x080031bb   Thumb Code     0  startup_stm32f40_41xxx.o(.text)
    TIM7_IRQHandler                          0x080031bb   Thumb Code     0  startup_stm32f40_41xxx.o(.text)
    TIM8_BRK_TIM12_IRQHandler                0x080031bb   Thumb Code     0  startup_stm32f40_41xxx.o(.text)
    TIM8_CC_IRQHandler                       0x080031bb   Thumb Code     0  startup_stm32f40_41xxx.o(.text)
    TIM8_TRG_COM_TIM14_IRQHandler            0x080031bb   Thumb Code     0  startup_stm32f40_41xxx.o(.text)
    TIM8_UP_TIM13_IRQHandler                 0x080031bb   Thumb Code     0  startup_stm32f40_41xxx.o(.text)
    UART4_IRQHandler                         0x080031bb   Thumb Code     0  startup_stm32f40_41xxx.o(.text)
    UART5_IRQHandler                         0x080031bb   Thumb Code     0  startup_stm32f40_41xxx.o(.text)
    USART1_IRQHandler                        0x080031bb   Thumb Code     0  startup_stm32f40_41xxx.o(.text)
    USART2_IRQHandler                        0x080031bb   Thumb Code     0  startup_stm32f40_41xxx.o(.text)
    USART3_IRQHandler                        0x080031bb   Thumb Code     0  startup_stm32f40_41xxx.o(.text)
    USART6_IRQHandler                        0x080031bb   Thumb Code     0  startup_stm32f40_41xxx.o(.text)
    WWDG_IRQHandler                          0x080031bb   Thumb Code     0  startup_stm32f40_41xxx.o(.text)
    SystemInit                               0x080032a1   Thumb Code    88  system_stm32f4xx.o(.text)
    SystemCoreClockUpdate                    0x080032f9   Thumb Code   174  system_stm32f4xx.o(.text)
    __aeabi_dadd                             0x080033d5   Thumb Code   322  dadd.o(.text)
    __aeabi_dsub                             0x08003517   Thumb Code     6  dadd.o(.text)
    __aeabi_drsub                            0x0800351d   Thumb Code     6  dadd.o(.text)
    __aeabi_dmul                             0x08003523   Thumb Code   228  dmul.o(.text)
    __aeabi_ddiv                             0x08003607   Thumb Code   222  ddiv.o(.text)
    __aeabi_i2d                              0x080036e5   Thumb Code    34  dflti.o(.text)
    __aeabi_d2iz                             0x08003707   Thumb Code    62  dfixi.o(.text)
    __aeabi_f2d                              0x08003745   Thumb Code    38  f2d.o(.text)
    __aeabi_d2f                              0x0800376b   Thumb Code    56  d2f.o(.text)
    __aeabi_uidiv                            0x080037a3   Thumb Code     0  uidiv.o(.text)
    __aeabi_uidivmod                         0x080037a3   Thumb Code    44  uidiv.o(.text)
    __aeabi_uldivmod                         0x080037cf   Thumb Code    98  uldiv.o(.text)
    __aeabi_llsl                             0x08003831   Thumb Code    30  llshl.o(.text)
    _ll_shift_l                              0x08003831   Thumb Code     0  llshl.o(.text)
    __aeabi_llsr                             0x0800384f   Thumb Code    32  llushr.o(.text)
    _ll_ushift_r                             0x0800384f   Thumb Code     0  llushr.o(.text)
    __aeabi_lasr                             0x0800386f   Thumb Code    36  llsshr.o(.text)
    _ll_sshift_r                             0x0800386f   Thumb Code     0  llsshr.o(.text)
    __I$use$fp                               0x08003893   Thumb Code     0  iusefp.o(.text)
    _float_round                             0x08003893   Thumb Code    18  fepilogue.o(.text)
    _float_epilogue                          0x080038a5   Thumb Code    92  fepilogue.o(.text)
    _double_round                            0x08003901   Thumb Code    26  depilogue.o(.text)
    _double_epilogue                         0x0800391b   Thumb Code   156  depilogue.o(.text)
    __ARM_scalbn                             0x080039b7   Thumb Code    46  dscalb.o(.text)
    scalbn                                   0x080039b7   Thumb Code     0  dscalb.o(.text)
    __aeabi_d2ulz                            0x080039e5   Thumb Code    48  dfixul.o(.text)
    __aeabi_cdrcmple                         0x08003a15   Thumb Code    38  cdrcmple.o(.text)
    __scatterload                            0x08003a3d   Thumb Code    28  init.o(.text)
    __scatterload_rt2                        0x08003a3d   Thumb Code     0  init.o(.text)
    _dsqrt                                   0x08003a61   Thumb Code   162  dsqrt.o(.text)
    __0printf                                0x08003b05   Thumb Code    22  printfa.o(i.__0printf)
    __1printf                                0x08003b05   Thumb Code     0  printfa.o(i.__0printf)
    __2printf                                0x08003b05   Thumb Code     0  printfa.o(i.__0printf)
    __c89printf                              0x08003b05   Thumb Code     0  printfa.o(i.__0printf)
    printf                                   0x08003b05   Thumb Code     0  printfa.o(i.__0printf)
    __ARM_fpclassify                         0x08003b25   Thumb Code    48  fpclassify.o(i.__ARM_fpclassify)
    __hardfp_atan                            0x08003b59   Thumb Code   632  atan.o(i.__hardfp_atan)
    __hardfp_atan2                           0x08003e39   Thumb Code   426  atan2.o(i.__hardfp_atan2)
    __hardfp_pow                             0x08004029   Thumb Code  3048  pow.o(i.__hardfp_pow)
    __kernel_poly                            0x08004c61   Thumb Code   248  poly.o(i.__kernel_poly)
    __mathlib_dbl_underflow                  0x08004d59   Thumb Code    24  dunder.o(i.__mathlib_dbl_underflow)
    __scatterload_copy                       0x08004d79   Thumb Code    14  handlers.o(i.__scatterload_copy)
    __scatterload_null                       0x08004d87   Thumb Code     2  handlers.o(i.__scatterload_null)
    __scatterload_zeroinit                   0x08004d89   Thumb Code    14  handlers.o(i.__scatterload_zeroinit)
    __set_errno                              0x08004d99   Thumb Code     6  errno.o(i.__set_errno)
    atan                                     0x08005637   Thumb Code    16  atan.o(i.atan)
    fabs                                     0x08005647   Thumb Code    24  fabs.o(i.fabs)
    sqrt                                     0x0800565f   Thumb Code   110  sqrt.o(i.sqrt)
    __mathlib_zero                           0x080057f0   Data           8  qnan.o(.constdata)
    Region$$Table$$Base                      0x080057f8   Number         0  anon$$obj.o(Region$$Table)
    Region$$Table$$Limit                     0x08005818   Number         0  anon$$obj.o(Region$$Table)
    SAMPLE_READY                             0x20000000   Data           4  main.o(.data)
    ticks                                    0x20000004   Data           4  segment_display.o(.data)
    keypad_state                             0x20000008   Data           4  segment_display.o(.data)
    debounce_timer                           0x2000000c   Data           4  keypad.o(.data)
    column                                   0x20000010   Data           4  keypad.o(.data)
    row                                      0x20000014   Data           4  keypad.o(.data)
    key                                      0x20000018   Data           1  keypad.o(.data)
    keys                                     0x20000019   Data          12  keypad.o(.data)
    x_data                                   0x20000028   Data           8  mems.o(.data)
    y_data                                   0x20000030   Data           8  mems.o(.data)
    z_data                                   0x20000038   Data           8  mems.o(.data)
    x_kstate                                 0x20000040   Data          20  mems.o(.data)
    y_kstate                                 0x20000054   Data          20  mems.o(.data)
    z_kstate                                 0x20000068   Data          20  mems.o(.data)
    LIS3DSHTimeout                           0x2000007c   Data           4  lis3dsh.o(.data)
    SystemCoreClock                          0x20000090   Data           4  system_stm32f4xx.o(.data)
    AHBPrescTable                            0x20000094   Data          16  system_stm32f4xx.o(.data)
    __stdout                                 0x200000a4   Data           4  stdout.o(.data)
    __initial_sp                             0x200004b0   Data           0  startup_stm32f40_41xxx.o(STACK)



==============================================================================

Memory Map of the image

  Image Entry point : 0x08000189

  Load Region LR_IROM1 (Base: 0x08000000, Size: 0x000058c4, Max: 0x00100000, ABSOLUTE)

    Execution Region ER_IROM1 (Base: 0x08000000, Size: 0x00005818, Max: 0x00100000, ABSOLUTE)

    Base Addr    Size         Type   Attr      Idx    E Section Name        Object

    0x08000000   0x00000188   Data   RO          964    RESET               startup_stm32f40_41xxx.o
    0x08000188   0x00000000   Code   RO         1021  * .ARM.Collect$$$$00000000  mc_w.l(entry.o)
    0x08000188   0x00000004   Code   RO         1338    .ARM.Collect$$$$00000001  mc_w.l(entry2.o)
    0x0800018c   0x00000004   Code   RO         1341    .ARM.Collect$$$$00000004  mc_w.l(entry5.o)
    0x08000190   0x00000000   Code   RO         1343    .ARM.Collect$$$$00000008  mc_w.l(entry7b.o)
    0x08000190   0x00000000   Code   RO         1345    .ARM.Collect$$$$0000000A  mc_w.l(entry8b.o)
    0x08000190   0x00000008   Code   RO         1346    .ARM.Collect$$$$0000000B  mc_w.l(entry9a.o)
    0x08000198   0x00000000   Code   RO         1348    .ARM.Collect$$$$0000000D  mc_w.l(entry10a.o)
    0x08000198   0x00000000   Code   RO         1350    .ARM.Collect$$$$0000000F  mc_w.l(entry11a.o)
    0x08000198   0x00000004   Code   RO         1339    .ARM.Collect$$$$00002712  mc_w.l(entry2.o)
    0x0800019c   0x000000d0   Code   RO            3    .text               main.o
    0x0800026c   0x00000038   Code   RO          160    .text               fput_debug.o
    0x080002a4   0x0000069c   Code   RO          184    .text               segment_display.o
    0x08000940   0x00000210   Code   RO          210    .text               keypad.o
    0x08000b50   0x00000404   Code   RO          234    .text               mems.o
    0x08000f54   0x0000005a   Code   RO          256    .text               kalmanfilter.o
    0x08000fae   0x00000002   PAD
    0x08000fb0   0x00000064   Code   RO          270    .text               timer.o
    0x08001014   0x0000054c   Code   RO          293    .text               lis3dsh.o
    0x08001560   0x000000e0   Code   RO          342    .text               misc.o
    0x08001640   0x00000110   Code   RO          582    .text               stm32f4xx_exti.o
    0x08001750   0x00000294   Code   RO          642    .text               stm32f4xx_gpio.o
    0x080019e4   0x00000634   Code   RO          782    .text               stm32f4xx_rcc.o
    0x08002018   0x0000044e   Code   RO          864    .text               stm32f4xx_spi.o
    0x08002466   0x00000002   PAD
    0x08002468   0x00000094   Code   RO          884    .text               stm32f4xx_syscfg.o
    0x080024fc   0x00000ca2   Code   RO          904    .text               stm32f4xx_tim.o
    0x0800319e   0x00000002   PAD
    0x080031a0   0x00000024   Code   RO          965    .text               startup_stm32f40_41xxx.o
    0x080031c4   0x00000210   Code   RO          971    .text               system_stm32f4xx.o
    0x080033d4   0x0000014e   Code   RO         1285    .text               mf_w.l(dadd.o)
    0x08003522   0x000000e4   Code   RO         1287    .text               mf_w.l(dmul.o)
    0x08003606   0x000000de   Code   RO         1289    .text               mf_w.l(ddiv.o)
    0x080036e4   0x00000022   Code   RO         1291    .text               mf_w.l(dflti.o)
    0x08003706   0x0000003e   Code   RO         1293    .text               mf_w.l(dfixi.o)
    0x08003744   0x00000026   Code   RO         1295    .text               mf_w.l(f2d.o)
    0x0800376a   0x00000038   Code   RO         1297    .text               mf_w.l(d2f.o)
    0x080037a2   0x0000002c   Code   RO         1353    .text               mc_w.l(uidiv.o)
    0x080037ce   0x00000062   Code   RO         1355    .text               mc_w.l(uldiv.o)
    0x08003830   0x0000001e   Code   RO         1357    .text               mc_w.l(llshl.o)
    0x0800384e   0x00000020   Code   RO         1359    .text               mc_w.l(llushr.o)
    0x0800386e   0x00000024   Code   RO         1361    .text               mc_w.l(llsshr.o)
    0x08003892   0x00000000   Code   RO         1370    .text               mc_w.l(iusefp.o)
    0x08003892   0x0000006e   Code   RO         1371    .text               mf_w.l(fepilogue.o)
    0x08003900   0x000000b6   Code   RO         1373    .text               mf_w.l(depilogue.o)
    0x080039b6   0x0000002e   Code   RO         1377    .text               mf_w.l(dscalb.o)
    0x080039e4   0x00000030   Code   RO         1379    .text               mf_w.l(dfixul.o)
    0x08003a14   0x00000028   Code   RO         1381    .text               mf_w.l(cdrcmple.o)
    0x08003a3c   0x00000024   Code   RO         1383    .text               mc_w.l(init.o)
    0x08003a60   0x000000a2   Code   RO         1385    .text               mf_w.l(dsqrt.o)
    0x08003b02   0x00000002   PAD
    0x08003b04   0x00000020   Code   RO         1257    i.__0printf         mc_w.l(printfa.o)
    0x08003b24   0x00000030   Code   RO         1321    i.__ARM_fpclassify  m_wm.l(fpclassify.o)
    0x08003b54   0x00000004   PAD
    0x08003b58   0x000002e0   Code   RO         1299    i.__hardfp_atan     m_wm.l(atan.o)
    0x08003e38   0x000001f0   Code   RO          995    i.__hardfp_atan2    m_wm.l(atan2.o)
    0x08004028   0x00000c38   Code   RO         1007    i.__hardfp_pow      m_wm.l(pow.o)
    0x08004c60   0x000000f8   Code   RO         1323    i.__kernel_poly     m_wm.l(poly.o)
    0x08004d58   0x00000020   Code   RO         1313    i.__mathlib_dbl_underflow  m_wm.l(dunder.o)
    0x08004d78   0x0000000e   Code   RO         1391    i.__scatterload_copy  mc_w.l(handlers.o)
    0x08004d86   0x00000002   Code   RO         1392    i.__scatterload_null  mc_w.l(handlers.o)
    0x08004d88   0x0000000e   Code   RO         1393    i.__scatterload_zeroinit  mc_w.l(handlers.o)
    0x08004d96   0x00000002   PAD
    0x08004d98   0x0000000c   Code   RO         1365    i.__set_errno       mc_w.l(errno.o)
    0x08004da4   0x00000164   Code   RO         1264    i._fp_digits        mc_w.l(printfa.o)
    0x08004f08   0x000006dc   Code   RO         1265    i._printf_core      mc_w.l(printfa.o)
    0x080055e4   0x00000024   Code   RO         1266    i._printf_post_padding  mc_w.l(printfa.o)
    0x08005608   0x0000002e   Code   RO         1267    i._printf_pre_padding  mc_w.l(printfa.o)
    0x08005636   0x00000010   Code   RO         1301    i.atan              m_wm.l(atan.o)
    0x08005646   0x00000018   Code   RO         1317    i.fabs              m_wm.l(fabs.o)
    0x0800565e   0x0000006e   Code   RO         1328    i.sqrt              m_wm.l(sqrt.o)
    0x080056cc   0x00000004   PAD
    0x080056d0   0x00000088   Data   RO         1010    .constdata          m_wm.l(pow.o)
    0x08005758   0x00000098   Data   RO         1302    .constdata          m_wm.l(atan.o)
    0x080057f0   0x00000008   Data   RO         1325    .constdata          m_wm.l(qnan.o)
    0x080057f8   0x00000020   Data   RO         1389    Region$$Table       anon$$obj.o


    Execution Region RW_IRAM1 (Base: 0x20000000, Size: 0x000004b0, Max: 0x00020000, ABSOLUTE)

    Base Addr    Size         Type   Attr      Idx    E Section Name        Object

    0x20000000   0x00000004   Data   RW            4    .data               main.o
    0x20000004   0x00000008   Data   RW          185    .data               segment_display.o
    0x2000000c   0x00000019   Data   RW          212    .data               keypad.o
    0x20000025   0x00000003   PAD
    0x20000028   0x00000054   Data   RW          236    .data               mems.o
    0x2000007c   0x00000004   Data   RW          294    .data               lis3dsh.o
    0x20000080   0x00000010   Data   RW          783    .data               stm32f4xx_rcc.o
    0x20000090   0x00000014   Data   RW          972    .data               system_stm32f4xx.o
    0x200000a4   0x00000004   Data   RW         1352    .data               mc_w.l(stdout.o)
    0x200000a8   0x00000004   Data   RW         1366    .data               mc_w.l(errno.o)
    0x200000ac   0x00000004   PAD
    0x200000b0   0x00000400   Zero   RW          962    STACK               startup_stm32f40_41xxx.o


==============================================================================

Image component sizes


      Code (inc. data)   RO Data    RW Data    ZI Data      Debug   Object Name

        56          6          0          0          0      27103   fput_debug.o
        90          0          0          0          0        789   kalmanfilter.o
       528         38          0         25          0       1808   keypad.o
      1356         64          0          4          0       4206   lis3dsh.o
       208         10          0          4          0     310903   main.o
      1028        132          0         84          0       1952   mems.o
       224         20          0          0          0       2025   misc.o
      1692         58          0          8          0       4123   segment_display.o
        36          8        392          0       1024        844   startup_stm32f40_41xxx.o
       272         10          0          0          0       2467   stm32f4xx_exti.o
       660         44          0          0          0       4301   stm32f4xx_gpio.o
      1588         52          0         16          0      12950   stm32f4xx_rcc.o
      1102         32          0          0          0       7069   stm32f4xx_spi.o
       148         12          0          0          0       1917   stm32f4xx_syscfg.o
      3234         60          0          0          0      22504   stm32f4xx_tim.o
       528         46          0         20          0       1899   system_stm32f4xx.o
       100          6          0          0          0        537   timer.o

    ----------------------------------------------------------------------
     12856        598        424        164       1024     407397   Object Totals
         0          0         32          0          0          0   (incl. Generated)
         6          0          0          3          0          0   (incl. Padding)

    ----------------------------------------------------------------------

      Code (inc. data)   RO Data    RW Data    ZI Data      Debug   Library Member Name

       752        104        152          0          0        344   atan.o
       496         70          0          0          0        156   atan2.o
        32          8          0          0          0        124   dunder.o
        24          0          0          0          0        124   fabs.o
        48          0          0          0          0        124   fpclassify.o
       248          0          0          0          0        152   poly.o
      3128        304        136          0          0        216   pow.o
         0          0          8          0          0          0   qnan.o
       110          0          0          0          0        148   sqrt.o
         0          0          0          0          0          0   entry.o
         0          0          0          0          0          0   entry10a.o
         0          0          0          0          0          0   entry11a.o
         8          4          0          0          0          0   entry2.o
         4          0          0          0          0          0   entry5.o
         0          0          0          0          0          0   entry7b.o
         0          0          0          0          0          0   entry8b.o
         8          4          0          0          0          0   entry9a.o
        12          6          0          4          0         68   errno.o
        30          0          0          0          0          0   handlers.o
        36          8          0          0          0         68   init.o
         0          0          0          0          0          0   iusefp.o
        30          0          0          0          0         68   llshl.o
        36          0          0          0          0         68   llsshr.o
        32          0          0          0          0         68   llushr.o
      2226         90          0          0          0        444   printfa.o
         0          0          0          4          0          0   stdout.o
        44          0          0          0          0         80   uidiv.o
        98          0          0          0          0         92   uldiv.o
        40          2          0          0          0         68   cdrcmple.o
        56          0          0          0          0         88   d2f.o
       334          0          0          0          0        148   dadd.o
       222          0          0          0          0        100   ddiv.o
       182          0          0          0          0        176   depilogue.o
        62          0          0          0          0         80   dfixi.o
        48          0          0          0          0         68   dfixul.o
        34          0          0          0          0         76   dflti.o
       228          0          0          0          0         96   dmul.o
        46          0          0          0          0         80   dscalb.o
       162          0          0          0          0        100   dsqrt.o
        38          0          0          0          0         68   f2d.o
       110          0          0          0          0        168   fepilogue.o

    ----------------------------------------------------------------------
      8976        600        296          8          4       3660   Library Totals
        12          0          0          0          4          0   (incl. Padding)

    ----------------------------------------------------------------------

      Code (inc. data)   RO Data    RW Data    ZI Data      Debug   Library Name

      4838        486        296          0          0       1388   m_wm.l
      2564        112          0          8          0        956   mc_w.l
      1562          2          0          0          0       1316   mf_w.l

    ----------------------------------------------------------------------
      8976        600        296          8          4       3660   Library Totals

    ----------------------------------------------------------------------

==============================================================================


      Code (inc. data)   RO Data    RW Data    ZI Data      Debug   

     21832       1198        720        172       1028     406317   Grand Totals
     21832       1198        720        172       1028     406317   ELF Image Totals
     21832       1198        720        172          0          0   ROM Totals

==============================================================================

    Total RO  Size (Code + RO Data)                22552 (  22.02kB)
    Total RW  Size (RW Data + ZI Data)              1200 (   1.17kB)
    Total ROM Size (Code + RO Data + RW Data)      22724 (  22.19kB)

==============================================================================

