


ARM Macro Assembler    Page 1 


    1 00000000                 AREA             text, CODE, READONLY
    2 00000000                 EXPORT           Kalmanfilter_asm
    3 00000000         
    4 00000000         ; R0: pointer to input array
    5 00000000         ; R1: pointer to output array
    6 00000000         ; R2: pointer to struct
    7 00000000         ; R3: array length
    8 00000000         
    9 00000000         ; S0: value of q
   10 00000000         ; S1: value of r
   11 00000000         ; S2: value of x
   12 00000000         ; S3: value of p
   13 00000000         ; S4: value of k
   14 00000000         ; S5: value of next measurement from input
   15 00000000         ; S6: temp
   16 00000000         
   17 00000000         test_workbench
   18 00000000         
   19 00000000         ;create arrays
   20 00000000 00000000 
              3F800000 
              40000000 
              40400000 
              40800000 
              40A00000 
              40C00000 
              40E00000 
              41000000 
              41100000 
              41200000 input   DCFS             0.0,1.0,2.0,3.0,4.0,5.0,6.0,7.0
,8.0,9.0,10.0
   21 0000002C 00000000 
              3F800000 
              40000000 
              40400000 
              40800000 
              40A00000 
              40C00000 
              40E00000 
              41000000 
              41100000 
              41200000 output  DCFS             0.0,1.0,2.0,3.0,4.0,5.0,6.0,7.0
,8.0,9.0,10.0
   22 00000058         ;set pointer to arrays
   23 00000058 F2AF 005C       ADR              R0, input
   24 0000005C F2AF 0134       ADR              R1, output
   25 00000060         ;initialise values
   26 00000060         ;q
   27 00000060 ED9F 0A22       VLDR.F32         S0, =0.1
   28 00000064         ;r
   29 00000064 EDDF 0A21       VLDR.F32         S1, =0.1
   30 00000068         ;x
   31 00000068 ED9F 1A21       VLDR.F32         S2, =0.0
   32 0000006C         ;p
   33 0000006C EDDF 1A1F       VLDR.F32         S3, =0.1
   34 00000070         
   35 00000070 E00D            B                loop
   36 00000072         
   37 00000072         Kalmanfilter_asm



ARM Macro Assembler    Page 2 


   38 00000072         
   39 00000072         
   40 00000072         ;LOAD PARAMETERS FROM STRUCT ==============
   41 00000072         ;load q state
   42 00000072 ED92 0A00       VLDR.32          S0, [R2]
   43 00000076         ;load r state
   44 00000076 F102 0404       ADD              R4, R2, #4
   45 0000007A EDD4 0A00       VLDR.32          S1, [R4]
   46 0000007E         ;load x state
   47 0000007E F104 0404       ADD              R4, R4, #4
   48 00000082 ED94 1A00       VLDR.32          S2, [R4]
   49 00000086         ;load p state
   50 00000086 F104 0404       ADD              R4, R4, #4
   51 0000008A EDD4 1A00       VLDR.32          S3, [R4]
   52 0000008E         
   53 0000008E         ;LOOP =====================================
   54 0000008E         loop
   55 0000008E         
   56 0000008E         ;load next measurement from input array
   57 0000008E EDD0 2A00       VLDR.32          S5, [R0]
   58 00000092         ;increment input array index
   59 00000092 F100 0004       ADD              R0, R0, #4
   60 00000096         
   61 00000096         ;p = p + q
   62 00000096 EE71 1A80       VADD.F32         S3, S3, S0
   63 0000009A         
   64 0000009A         ;temp = p + r
   65 0000009A EE31 3AA0       VADD.F32         S6, S3, S1
   66 0000009E         ;k = p / p + r
   67 0000009E EE81 2A83       VDIV.F32         S4, S3, S6
   68 000000A2         
   69 000000A2         ;temp = measurement - x
   70 000000A2 EE32 3AC1       VSUB.F32         S6, S5, S2
   71 000000A6         ;temp = k * (measurement - x)
   72 000000A6 EE22 3A03       VMUL.F32         S6, S4, S6
   73 000000AA         ;x = x + k * (measurement - x)
   74 000000AA EE31 1A03       VADD.F32         S2, S2, S6
   75 000000AE         
   76 000000AE         ;temp = 1 - k
   77 000000AE EEF7 3A00       VLDR.F32         S7, =1.0
   78 000000B2 EE33 3AC2       VSUB.F32         S6, S7, S4
   79 000000B6         ;p = (1 - k) * p
   80 000000B6 EE63 1A21       VMUL.F32         S3, S6, S3
   81 000000BA         
   82 000000BA         ;store x value to output array
   83 000000BA ED81 1A00       VSTR.32          S2, [R1]
   84 000000BE         ;increment output array index
   85 000000BE F101 0104       ADD              R1, R1, #4
   86 000000C2         
   87 000000C2         ;decrement array length (# of elements remaining)
   88 000000C2 1E5B            SUBS             R3, R3, #1
   89 000000C4         ;if end of array not reached, loop
   90 000000C4 D1E3            BNE              loop
   91 000000C6         
   92 000000C6         ;LOOP END=================================
   93 000000C6         
   94 000000C6         ;STORE PARAMETERS TO STRUCT ==============
   95 000000C6         ;store q
   96 000000C6 ED82 0A00       VSTR.32          S0, [R2]



ARM Macro Assembler    Page 3 


   97 000000CA         ;store r
   98 000000CA F102 0404       ADD              R4, R2, #4
   99 000000CE EDC4 0A00       VSTR.32          S1, [R4]
  100 000000D2         ;store x
  101 000000D2 F104 0404       ADD              R4, R4, #4
  102 000000D6 ED84 1A00       VSTR.32          S2, [R4]
  103 000000DA         ;store p
  104 000000DA F104 0404       ADD              R4, R4, #4
  105 000000DE EDC4 1A00       VSTR.32          S3, [R4]
  106 000000E2         ;store k
  107 000000E2 F104 0404       ADD              R4, R4, #4
  108 000000E6 ED84 2A00       VSTR.32          S4, [R4]
  109 000000EA         
  110 000000EA 4770            BX               LR
  111 000000EC         
  112 000000EC                 END
              3DCCCCCD 
              00000000 
Command Line: --debug --xref --cpu=Cortex-M4.fp --apcs=interwork --depend=.\obj
ect\kalmanfilter_asm.d -o.\object\kalmanfilter_asm.o -I"P:\ECSE426\Lab 1 Base P
roject with CMSIS-DSP\Lab 1 Base Project\RTE" -I"P:\ECSE426\Lab 1 Base Project 
with CMSIS-DSP\Lab 1 Base Project\RTE\Device\STM32F407VG" -IC:\Keil_v5\ARM\PACK
\ARM\CMSIS\4.1.1\CMSIS\Include -IC:\Keil_v5\ARM\PACK\Keil\STM32F4xx_DFP\1.0.8\D
evice\Include --predefine="__MICROLIB SETA 1" --list=.\listings\kalmanfilter_as
m.lst Kalmanfilter_asm.s



ARM Macro Assembler    Page 1 Alphabetic symbol ordering
Relocatable symbols

Kalmanfilter_asm 00000072

Symbol: Kalmanfilter_asm
   Definitions
      At line 37 in file Kalmanfilter_asm.s
   Uses
      At line 2 in file Kalmanfilter_asm.s
Comment: Kalmanfilter_asm used once
input 00000000

Symbol: input
   Definitions
      At line 20 in file Kalmanfilter_asm.s
   Uses
      At line 23 in file Kalmanfilter_asm.s
Comment: input used once
loop 0000008E

Symbol: loop
   Definitions
      At line 54 in file Kalmanfilter_asm.s
   Uses
      At line 35 in file Kalmanfilter_asm.s
      At line 90 in file Kalmanfilter_asm.s

output 0000002C

Symbol: output
   Definitions
      At line 21 in file Kalmanfilter_asm.s
   Uses
      At line 24 in file Kalmanfilter_asm.s
Comment: output used once
test_workbench 00000000

Symbol: test_workbench
   Definitions
      At line 17 in file Kalmanfilter_asm.s
   Uses
      None
Comment: test_workbench unused
text 00000000

Symbol: text
   Definitions
      At line 1 in file Kalmanfilter_asm.s
   Uses
      None
Comment: text unused
6 symbols
340 symbols in table
